
> workon-backend@1.0.0 build
> nest build

node.exe : [96msrc/admin/admin.controller.ts[0m:[93m14[0m:[93m19[0m - [91merror[0m[90m TS2339: [0mProperty 
'ADMIN' does not exist on type '{ WORKER: "WORKER"; EMPLOYER: "EMPLOYER"; RESIDENTIAL: "RESIDENTIAL"; }'.
At line:1 char:1
+ & "C:\Program Files\nodejs/node.exe" "C:\Program Files\nodejs/node_mo ...
+ ~~~~~~~~~~~~~~~~~~~~~~~~~~~~~~~~~~~~~~~~~~~~~~~~~~~~~~~~~~~~~~~~~~~~~
    + CategoryInfo          : NotSpecified: ([96msrc/admin/...SIDENTIAL"; }'.:String) [], RemoteException
    + FullyQualifiedErrorId : NativeCommandError
 

[7m14[0m   @Roles(UserRole.ADMIN)
[7m  [0m [91m                  ~~~~~[0m
[96msrc/auth/auth.service.ts[0m:[93m27[0m:[93m16[0m - [91merror[0m[90m TS2353: [0mObject literal may only 
specify known properties, and 'email' does not exist in type 'UserWhereUniqueInput'.

[7m27[0m       where: { email },
[7m  [0m [91m               ~~~~~[0m

  [96mnode_modules/.prisma/client/index.d.ts[0m:[93m4080[0m:[93m5[0m
    [7m4080[0m     where: UserWhereUniqueInput
    [7m    [0m [96m    ~~~~~[0m
    The expected type comes from property 'where' which is declared here on type '{ select?: UserSelect<DefaultArgs> | 
null | undefined; omit?: UserOmit<DefaultArgs> | null | undefined; include?: UserInclude<DefaultArgs> | null | 
undefined; where: UserWhereUniqueInput; }'
[96msrc/auth/auth.service.ts[0m:[93m39[0m:[93m9[0m - [91merror[0m[90m TS2353: [0mObject literal may only 
specify known properties, and 'email' does not exist in type '(Without<UserCreateInput, UserUncheckedCreateInput> & 
UserUncheckedCreateInput) | (Without<...> & UserCreateInput)'.

[7m39[0m         email,
[7m  [0m [91m        ~~~~~[0m

  [96mnode_modules/.prisma/client/index.d.ts[0m:[93m4275[0m:[93m5[0m
    [7m4275[0m     data: XOR<UserCreateInput, UserUncheckedCreateInput>
    [7m    [0m [96m    ~~~~[0m
    The expected type comes from property 'data' which is declared here on type '{ select?: UserSelect<DefaultArgs> | 
null | undefined; omit?: UserOmit<DefaultArgs> | null | undefined; include?: UserInclude<DefaultArgs> | null | 
undefined; data: (Without<...> & UserUncheckedCreateInput) | (Without<...> & UserCreateInput); }'
[96msrc/auth/auth.service.ts[0m:[93m50[0m:[93m9[0m - [91merror[0m[90m TS2353: [0mObject literal may only 
specify known properties, and 'email' does not exist in type 'UserSelect<DefaultArgs>'.

[7m50[0m         email: true,
[7m  [0m [91m        ~~~~~[0m

  [96mnode_modules/.prisma/client/index.d.ts[0m:[93m4263[0m:[93m5[0m
    [7m4263[0m     select?: UserSelect<ExtArgs> | null
    [7m    [0m [96m    ~~~~~~[0m
    The expected type comes from property 'select' which is declared here on type '{ select?: UserSelect<DefaultArgs> 
| null | undefined; omit?: UserOmit<DefaultArgs> | null | undefined; include?: UserInclude<DefaultArgs> | null | 
undefined; data: (Without<...> & UserUncheckedCreateInput) | (Without<...> & UserCreateInput); }'
[96msrc/auth/auth.service.ts[0m:[93m58[0m:[93m25[0m - [91merror[0m[90m TS2339: [0mProperty 'employer' does 
not exist on type 'PrismaService'.

[7m58[0m       await this.prisma.employer.create({
[7m  [0m [91m                        ~~~~~~~~[0m
[96msrc/auth/auth.service.ts[0m:[93m66[0m:[93m25[0m - [91merror[0m[90m TS2339: [0mProperty 'worker' does not 
exist on type 'PrismaService'.

[7m66[0m       await this.prisma.worker.create({
[7m  [0m [91m                        ~~~~~~[0m
[96msrc/auth/auth.service.ts[0m:[93m76[0m:[93m54[0m - [91merror[0m[90m TS2339: [0mProperty 'email' does not 
exist on type '{ id: string; clerkId: string; createdAt: Date; updatedAt: Date; }'.

[7m76[0m     this.logger.log(`Nouvel utilisateur cr├⌐├⌐: ${user.email} (${user.role})`);
[7m  [0m [91m                                                     ~~~~~[0m
[96msrc/auth/auth.service.ts[0m:[93m76[0m:[93m69[0m - [91merror[0m[90m TS2339: [0mProperty 'role' does not 
exist on type '{ id: string; clerkId: string; createdAt: Date; updatedAt: Date; }'.

[7m76[0m     this.logger.log(`Nouvel utilisateur cr├⌐├⌐: ${user.email} (${user.role})`);
[7m  [0m [91m                                                                    ~~~~[0m
[96msrc/auth/auth.service.ts[0m:[93m78[0m:[93m60[0m - [91merror[0m[90m TS2339: [0mProperty 'email' does not 
exist on type '{ id: string; clerkId: string; createdAt: Date; updatedAt: Date; }'.

[7m78[0m     const tokens = await this.generateTokens(user.id, user.email, user.role);
[7m  [0m [91m                                                           ~~~~~[0m
[96msrc/auth/auth.service.ts[0m:[93m78[0m:[93m72[0m - [91merror[0m[90m TS2339: [0mProperty 'role' does not 
exist on type '{ id: string; clerkId: string; createdAt: Date; updatedAt: Date; }'.

[7m78[0m     const tokens = await this.generateTokens(user.id, user.email, user.role);
[7m  [0m [91m                                                                       ~~~~[0m
[96msrc/auth/auth.service.ts[0m:[93m100[0m:[93m16[0m - [91merror[0m[90m TS2353: [0mObject literal may only 
specify known properties, and 'email' does not exist in type 'UserWhereUniqueInput'.

[7m100[0m       where: { email },
[7m   [0m [91m               ~~~~~[0m

  [96mnode_modules/.prisma/client/index.d.ts[0m:[93m4080[0m:[93m5[0m
    [7m4080[0m     where: UserWhereUniqueInput
    [7m    [0m [96m    ~~~~~[0m
    The expected type comes from property 'where' which is declared here on type '{ select?: UserSelect<DefaultArgs> | 
null | undefined; omit?: UserOmit<DefaultArgs> | null | undefined; include?: UserInclude<DefaultArgs> | null | 
undefined; where: UserWhereUniqueInput; }'
[96msrc/auth/auth.service.ts[0m:[93m102[0m:[93m9[0m - [91merror[0m[90m TS2353: [0mObject literal may only 
specify known properties, and 'employer' does not exist in type 'UserInclude<DefaultArgs>'.

[7m102[0m         employer: true,
[7m   [0m [91m        ~~~~~~~~[0m

  [96mnode_modules/.prisma/client/index.d.ts[0m:[93m4076[0m:[93m5[0m
    [7m4076[0m     include?: UserInclude<ExtArgs> | null
    [7m    [0m [96m    ~~~~~~~[0m
    The expected type comes from property 'include' which is declared here on type '{ select?: UserSelect<DefaultArgs> 
| null | undefined; omit?: UserOmit<DefaultArgs> | null | undefined; include?: UserInclude<DefaultArgs> | null | 
undefined; where: UserWhereUniqueInput; }'
[96msrc/auth/auth.service.ts[0m:[93m107[0m:[93m24[0m - [91merror[0m[90m TS2339: [0mProperty 'active' does 
not exist on type '{ id: string; clerkId: string; createdAt: Date; updatedAt: Date; }'.

[7m107[0m     if (!user || !user.active) {
[7m   [0m [91m                       ~~~~~~[0m
[96msrc/auth/auth.service.ts[0m:[93m111[0m:[93m32[0m - [91merror[0m[90m TS2339: [0mProperty 'profile' does 
not exist on type '{ id: string; clerkId: string; createdAt: Date; updatedAt: Date; }'.

[7m111[0m     const passwordHash = (user.profile as any)?.passwordHash;
[7m   [0m [91m                               ~~~~~~~[0m
[96msrc/auth/auth.service.ts[0m:[93m121[0m:[93m48[0m - [91merror[0m[90m TS2339: [0mProperty 'email' does not 
exist on type '{ id: string; clerkId: string; createdAt: Date; updatedAt: Date; }'.

[7m121[0m     this.logger.log(`Connexion r├⌐ussie: ${user.email}`);
[7m   [0m [91m                                               ~~~~~[0m
[96msrc/auth/auth.service.ts[0m:[93m123[0m:[93m60[0m - [91merror[0m[90m TS2339: [0mProperty 'email' does not 
exist on type '{ id: string; clerkId: string; createdAt: Date; updatedAt: Date; }'.

[7m123[0m     const tokens = await this.generateTokens(user.id, user.email, user.role);
[7m   [0m [91m                                                           ~~~~~[0m
[96msrc/auth/auth.service.ts[0m:[93m123[0m:[93m72[0m - [91merror[0m[90m TS2339: [0mProperty 'role' does not 
exist on type '{ id: string; clerkId: string; createdAt: Date; updatedAt: Date; }'.

[7m123[0m     const tokens = await this.generateTokens(user.id, user.email, user.role);
[7m   [0m [91m                                                                       ~~~~[0m
[96msrc/auth/auth.service.ts[0m:[93m128[0m:[93m21[0m - [91merror[0m[90m TS2339: [0mProperty 'email' does not 
exist on type '{ id: string; clerkId: string; createdAt: Date; updatedAt: Date; }'.

[7m128[0m         email: user.email,
[7m   [0m [91m                    ~~~~~[0m
[96msrc/auth/auth.service.ts[0m:[93m129[0m:[93m20[0m - [91merror[0m[90m TS2339: [0mProperty 'name' does not 
exist on type '{ id: string; clerkId: string; createdAt: Date; updatedAt: Date; }'.

[7m129[0m         name: user.name,
[7m   [0m [91m                   ~~~~[0m
[96msrc/auth/auth.service.ts[0m:[93m130[0m:[93m20[0m - [91merror[0m[90m TS2339: [0mProperty 'role' does not 
exist on type '{ id: string; clerkId: string; createdAt: Date; updatedAt: Date; }'.

[7m130[0m         role: user.role,
[7m   [0m [91m                   ~~~~[0m
[96msrc/auth/auth.service.ts[0m:[93m151[0m:[93m26[0m - [91merror[0m[90m TS2339: [0mProperty 'active' does 
not exist on type '{ id: string; clerkId: string; createdAt: Date; updatedAt: Date; }'.

[7m151[0m       if (!user || !user.active) {
[7m   [0m [91m                         ~~~~~~[0m
[96msrc/auth/auth.service.ts[0m:[93m155[0m:[93m62[0m - [91merror[0m[90m TS2339: [0mProperty 'email' does not 
exist on type '{ id: string; clerkId: string; createdAt: Date; updatedAt: Date; }'.

[7m155[0m       const tokens = await this.generateTokens(user.id, user.email, user.role);
[7m   [0m [91m                                                             ~~~~~[0m
[96msrc/auth/auth.service.ts[0m:[93m155[0m:[93m74[0m - [91merror[0m[90m TS2339: [0mProperty 'role' does not 
exist on type '{ id: string; clerkId: string; createdAt: Date; updatedAt: Date; }'.

[7m155[0m       const tokens = await this.generateTokens(user.id, user.email, user.role);
[7m   [0m [91m                                                                         ~~~~[0m
[96msrc/auth/auth.service.ts[0m:[93m199[0m:[93m16[0m - [91merror[0m[90m TS2353: [0mObject literal may only 
specify known properties, and 'email' does not exist in type 'UserWhereUniqueInput'.

[7m199[0m       where: { email },
[7m   [0m [91m               ~~~~~[0m

  [96mnode_modules/.prisma/client/index.d.ts[0m:[93m4080[0m:[93m5[0m
    [7m4080[0m     where: UserWhereUniqueInput
    [7m    [0m [96m    ~~~~~[0m
    The expected type comes from property 'where' which is declared here on type '{ select?: UserSelect<DefaultArgs> | 
null | undefined; omit?: UserOmit<DefaultArgs> | null | undefined; include?: UserInclude<DefaultArgs> | null | 
undefined; where: UserWhereUniqueInput; }'
[96msrc/auth/auth.service.ts[0m:[93m202[0m:[93m24[0m - [91merror[0m[90m TS2339: [0mProperty 'active' does 
not exist on type '{ id: string; clerkId: string; createdAt: Date; updatedAt: Date; }'.

[7m202[0m     if (!user || !user.active) {
[7m   [0m [91m                       ~~~~~~[0m
[96msrc/auth/auth.service.ts[0m:[93m206[0m:[93m32[0m - [91merror[0m[90m TS2339: [0mProperty 'profile' does 
not exist on type '{ id: string; clerkId: string; createdAt: Date; updatedAt: Date; }'.

[7m206[0m     const passwordHash = (user.profile as any)?.passwordHash;
[7m   [0m [91m                               ~~~~~~~[0m
[96msrc/auth/auth.service.ts[0m:[93m218[0m:[93m19[0m - [91merror[0m[90m TS2339: [0mProperty 'email' does not 
exist on type '{ id: string; clerkId: string; createdAt: Date; updatedAt: Date; }'.

[7m218[0m       email: user.email,
[7m   [0m [91m                  ~~~~~[0m
[96msrc/auth/auth.service.ts[0m:[93m219[0m:[93m18[0m - [91merror[0m[90m TS2339: [0mProperty 'role' does not 
exist on type '{ id: string; clerkId: string; createdAt: Date; updatedAt: Date; }'.

[7m219[0m       role: user.role,
[7m   [0m [91m                 ~~~~[0m
[96msrc/auth/clerk-auth.service.ts[0m:[93m61[0m:[93m20[0m - [91merror[0m[90m TS2353: [0mObject literal may 
only specify known properties, and 'email' does not exist in type 'UserWhereUniqueInput'.

[7m61[0m           where: { email },
[7m  [0m [91m                   ~~~~~[0m

  [96mnode_modules/.prisma/client/index.d.ts[0m:[93m4080[0m:[93m5[0m
    [7m4080[0m     where: UserWhereUniqueInput
    [7m    [0m [96m    ~~~~~[0m
    The expected type comes from property 'where' which is declared here on type '{ select?: UserSelect<DefaultArgs> | 
null | undefined; omit?: UserOmit<DefaultArgs> | null | undefined; include?: UserInclude<DefaultArgs> | null | 
undefined; where: UserWhereUniqueInput; }'
[96msrc/auth/clerk-auth.service.ts[0m:[93m71[0m:[93m13[0m - [91merror[0m[90m TS2353: [0mObject literal may 
only specify known properties, and 'email' does not exist in type '(Without<UserCreateInput, UserUncheckedCreateInput> 
& UserUncheckedCreateInput) | (Without<...> & UserCreateInput)'.

[7m71[0m             email: email ?? `${clerkId}@clerk.local`,
[7m  [0m [91m            ~~~~~[0m

  [96mnode_modules/.prisma/client/index.d.ts[0m:[93m4275[0m:[93m5[0m
    [7m4275[0m     data: XOR<UserCreateInput, UserUncheckedCreateInput>
    [7m    [0m [96m    ~~~~[0m
    The expected type comes from property 'data' which is declared here on type '{ select?: UserSelect<DefaultArgs> | 
null | undefined; omit?: UserOmit<DefaultArgs> | null | undefined; include?: UserInclude<DefaultArgs> | null | 
undefined; data: (Without<...> & UserUncheckedCreateInput) | (Without<...> & UserCreateInput); }'
[96msrc/auth/clerk-auth.service.ts[0m:[93m88[0m:[93m34[0m - [91merror[0m[90m TS2339: [0mProperty 
'primaryRole' does not exist on type '{ id: string; clerkId: string; createdAt: Date; updatedAt: Date; }'.

[7m88[0m       const effectiveRole = user.primaryRole ?? user.role;
[7m  [0m [91m                                 ~~~~~~~~~~~[0m
[96msrc/auth/clerk-auth.service.ts[0m:[93m88[0m:[93m54[0m - [91merror[0m[90m TS2339: [0mProperty 'role' does 
not exist on type '{ id: string; clerkId: string; createdAt: Date; updatedAt: Date; }'.

[7m88[0m       const effectiveRole = user.primaryRole ?? user.role;
[7m  [0m [91m                                                     ~~~~[0m
[96msrc/auth/clerk-auth.service.ts[0m:[93m92[0m:[93m72[0m - [91merror[0m[90m TS2339: [0mProperty 'role' does 
not exist on type '{ id: string; clerkId: string; createdAt: Date; updatedAt: Date; }'.

[7m92[0m         `User verified: id=${user.id}, clerkId=${clerkId}, role=${user.role}, 
primaryRole=${user.primaryRole}, effectiveRole=${effectiveRole}`,
[7m  [0m [91m                                                                       ~~~~[0m
[96msrc/auth/clerk-auth.service.ts[0m:[93m92[0m:[93m98[0m - [91merror[0m[90m TS2339: [0mProperty 
'primaryRole' does not exist on type '{ id: string; clerkId: string; createdAt: Date; updatedAt: Date; }'.

[7m92[0m         `User verified: id=${user.id}, clerkId=${clerkId}, role=${user.role}, 
primaryRole=${user.primaryRole}, effectiveRole=${effectiveRole}`,
[7m  [0m [91m                                                                                                 
~~~~~~~~~~~[0m
[96msrc/auth/clerk-auth.service.ts[0m:[93m98[0m:[93m21[0m - [91merror[0m[90m TS2339: [0mProperty 'email' 
does not exist on type '{ id: string; clerkId: string; createdAt: Date; updatedAt: Date; }'.

[7m98[0m         email: user.email,
[7m  [0m [91m                    ~~~~~[0m
[96msrc/auth/strategies/jwt.strategy.ts[0m:[93m26[0m:[93m24[0m - [91merror[0m[90m TS2339: [0mProperty 
'active' does not exist on type '{ id: string; clerkId: string; createdAt: Date; updatedAt: Date; }'.

[7m26[0m     if (!user || !user.active) {
[7m  [0m [91m                       ~~~~~~[0m
[96msrc/contracts/contracts.service.ts[0m:[93m20[0m:[93m9[0m - [91merror[0m[90m TS2353: [0mObject literal 
may only specify known properties, and 'employer' does not exist in type 'MissionInclude<DefaultArgs>'.

[7m20[0m         employer: true,
[7m  [0m [91m        ~~~~~~~~[0m

  [96mnode_modules/.prisma/client/index.d.ts[0m:[93m5732[0m:[93m5[0m
    [7m5732[0m     include?: MissionInclude<ExtArgs> | null
    [7m    [0m [96m    ~~~~~~~[0m
    The expected type comes from property 'include' which is declared here on type '{ select?: 
MissionSelect<DefaultArgs> | null | undefined; omit?: MissionOmit<DefaultArgs> | null | undefined; include?: 
MissionInclude<...> | ... 1 more ... | undefined; where: MissionWhereUniqueInput; }'
[96msrc/contracts/contracts.service.ts[0m:[93m31[0m:[93m18[0m - [91merror[0m[90m TS2339: [0mProperty 
'worker' does not exist on type '{ description: string; title: string; id: string; createdAt: Date; updatedAt: Date; 
status: MissionStatus; authorClientId: string; assigneeWorkerId: string | null; ... 12 more ...; workerProfileId: 
string | null; }'.

[7m31[0m     if (!mission.worker) {
[7m  [0m [91m                 ~~~~~~[0m
[96msrc/contracts/contracts.service.ts[0m:[93m41[0m:[93m28[0m - [91merror[0m[90m TS2339: [0mProperty 
'contracts' does not exist on type '{ description: string; title: string; id: string; createdAt: Date; updatedAt: 
Date; status: MissionStatus; authorClientId: string; assigneeWorkerId: string | null; ... 12 more ...; 
workerProfileId: string | null; }'.

[7m41[0m     let contract = mission.contracts[0];
[7m  [0m [91m                           ~~~~~~~~~[0m
[96msrc/contracts/contracts.service.ts[0m:[93m47[0m:[93m36[0m - [91merror[0m[90m TS2339: [0mProperty 
'contract' does not exist on type 'PrismaService'.

[7m47[0m       contract = await this.prisma.contract.create({
[7m  [0m [91m                                   ~~~~~~~~[0m
[96msrc/contracts/contracts.service.ts[0m:[93m74[0m:[93m9[0m - [91merror[0m[90m TS2353: [0mObject literal 
may only specify known properties, and 'employer' does not exist in type 'MissionInclude<DefaultArgs>'.

[7m74[0m         employer: true,
[7m  [0m [91m        ~~~~~~~~[0m

  [96mnode_modules/.prisma/client/index.d.ts[0m:[93m5732[0m:[93m5[0m
    [7m5732[0m     include?: MissionInclude<ExtArgs> | null
    [7m    [0m [96m    ~~~~~~~[0m
    The expected type comes from property 'include' which is declared here on type '{ select?: 
MissionSelect<DefaultArgs> | null | undefined; omit?: MissionOmit<DefaultArgs> | null | undefined; include?: 
MissionInclude<...> | ... 1 more ... | undefined; where: MissionWhereUniqueInput; }'
[96msrc/contracts/contracts.service.ts[0m:[93m85[0m:[93m30[0m - [91merror[0m[90m TS2339: [0mProperty 
'contracts' does not exist on type '{ description: string; title: string; id: string; createdAt: Date; updatedAt: 
Date; status: MissionStatus; authorClientId: string; assigneeWorkerId: string | null; ... 12 more ...; 
workerProfileId: string | null; }'.

[7m85[0m     const contract = mission.contracts[0];
[7m  [0m [91m                             ~~~~~~~~~[0m
[96msrc/contracts/contracts.service.ts[0m:[93m97[0m:[93m19[0m - [91merror[0m[90m TS2339: [0mProperty 
'worker' does not exist on type '{ description: string; title: string; id: string; createdAt: Date; updatedAt: Date; 
status: MissionStatus; authorClientId: string; assigneeWorkerId: string | null; ... 12 more ...; workerProfileId: 
string | null; }'.

[7m97[0m       if (mission.worker?.userId !== userId) {
[7m  [0m [91m                  ~~~~~~[0m
[96msrc/contracts/contracts.service.ts[0m:[93m104[0m:[93m19[0m - [91merror[0m[90m TS2339: [0mProperty 
'employer' does not exist on type '{ description: string; title: string; id: string; createdAt: Date; updatedAt: Date; 
status: MissionStatus; authorClientId: string; assigneeWorkerId: string | null; ... 12 more ...; workerProfileId: 
string | null; }'.

[7m104[0m       if (mission.employer.userId !== userId) {
[7m   [0m [91m                  ~~~~~~~~[0m
[96msrc/contracts/contracts.service.ts[0m:[93m125[0m:[93m47[0m - [91merror[0m[90m TS2339: [0mProperty 
'contract' does not exist on type 'PrismaService'.

[7m125[0m     const updatedContract = await this.prisma.contract.update({
[7m   [0m [91m                                              ~~~~~~~~[0m
[96msrc/contracts/contracts.service.ts[0m:[93m174[0m:[93m9[0m - [91merror[0m[90m TS2353: [0mObject literal 
may only specify known properties, and 'contracts' does not exist in type 'MissionInclude<DefaultArgs>'.

[7m174[0m         contracts: true,
[7m   [0m [91m        ~~~~~~~~~[0m

  [96mnode_modules/.prisma/client/index.d.ts[0m:[93m5732[0m:[93m5[0m
    [7m5732[0m     include?: MissionInclude<ExtArgs> | null
    [7m    [0m [96m    ~~~~~~~[0m
    The expected type comes from property 'include' which is declared here on type '{ select?: 
MissionSelect<DefaultArgs> | null | undefined; omit?: MissionOmit<DefaultArgs> | null | undefined; include?: 
MissionInclude<...> | ... 1 more ... | undefined; where: MissionWhereUniqueInput; }'
[96msrc/contracts/contracts.service.ts[0m:[93m182[0m:[93m30[0m - [91merror[0m[90m TS2339: [0mProperty 
'contracts' does not exist on type '{ description: string; title: string; id: string; createdAt: Date; updatedAt: 
Date; status: MissionStatus; authorClientId: string; assigneeWorkerId: string | null; ... 12 more ...; 
workerProfileId: string | null; }'.

[7m182[0m     const contract = mission.contracts[0];
[7m   [0m [91m                             ~~~~~~~~~[0m
[96msrc/messages/messages.service.ts[0m:[93m9[0m:[93m10[0m - [91merror[0m[90m TS2305: [0mModule 
'"@prisma/client"' has no exported member 'MessageSenderRole'.

[7m9[0m import { MessageSenderRole, Prisma } from '@prisma/client';
[7m [0m [91m         ~~~~~~~~~~~~~~~~~[0m
[96msrc/messages/messages.service.ts[0m:[93m44[0m:[93m9[0m - [91merror[0m[90m TS2353: [0mObject literal may 
only specify known properties, and 'employerId' does not exist in type 'MissionSelect<DefaultArgs>'.

[7m44[0m         employerId: true,
[7m  [0m [91m        ~~~~~~~~~~[0m

  [96mnode_modules/.prisma/client/index.d.ts[0m:[93m5724[0m:[93m5[0m
    [7m5724[0m     select?: MissionSelect<ExtArgs> | null
    [7m    [0m [96m    ~~~~~~[0m
    The expected type comes from property 'select' which is declared here on type '{ select?: 
MissionSelect<DefaultArgs> | null | undefined; omit?: MissionOmit<DefaultArgs> | null | undefined; include?: 
MissionInclude<...> | ... 1 more ... | undefined; where: MissionWhereUniqueInput; }'
[96msrc/messages/messages.service.ts[0m:[93m74[0m:[93m17[0m - [91merror[0m[90m TS2339: [0mProperty 
'employer' does not exist on type '{ description: string; title: string; id: string; createdAt: Date; updatedAt: Date; 
status: MissionStatus; authorClientId: string; assigneeWorkerId: string | null; ... 12 more ...; workerProfileId: 
string | null; }'.

[7m74[0m     if (mission.employer.user.clerkId === clerkUserId) {
[7m  [0m [91m                ~~~~~~~~[0m
[96msrc/messages/messages.service.ts[0m:[93m79[0m:[93m17[0m - [91merror[0m[90m TS2339: [0mProperty 'worker' 
does not exist on type '{ description: string; title: string; id: string; createdAt: Date; updatedAt: Date; status: 
MissionStatus; authorClientId: string; assigneeWorkerId: string | null; ... 12 more ...; workerProfileId: string | 
null; }'.

[7m79[0m     if (mission.worker && mission.worker.user.clerkId === clerkUserId) {
[7m  [0m [91m                ~~~~~~[0m
[96msrc/messages/messages.service.ts[0m:[93m79[0m:[93m35[0m - [91merror[0m[90m TS2339: [0mProperty 'worker' 
does not exist on type '{ description: string; title: string; id: string; createdAt: Date; updatedAt: Date; status: 
MissionStatus; authorClientId: string; assigneeWorkerId: string | null; ... 12 more ...; workerProfileId: string | 
null; }'.

[7m79[0m     if (mission.worker && mission.worker.user.clerkId === clerkUserId) {
[7m  [0m [91m                                  ~~~~~~[0m
[96msrc/messages/messages.service.ts[0m:[93m98[0m:[93m40[0m - [91merror[0m[90m TS2339: [0mProperty 'message' 
does not exist on type 'PrismaService'.

[7m98[0m     const messages = await this.prisma.message.findMany({
[7m  [0m [91m                                       ~~~~~~~[0m
[96msrc/messages/messages.service.ts[0m:[93m111[0m:[93m26[0m - [91merror[0m[90m TS7006: [0mParameter 'msg' 
implicitly has an 'any' type.

[7m111[0m     return messages.map((msg) => ({
[7m   [0m [91m                         ~~~[0m
[96msrc/messages/messages.service.ts[0m:[93m147[0m:[93m9[0m - [91merror[0m[90m TS2353: [0mObject literal may 
only specify known properties, and 'workerId' does not exist in type 'MissionSelect<DefaultArgs>'.

[7m147[0m         workerId: true,
[7m   [0m [91m        ~~~~~~~~[0m

  [96mnode_modules/.prisma/client/index.d.ts[0m:[93m5724[0m:[93m5[0m
    [7m5724[0m     select?: MissionSelect<ExtArgs> | null
    [7m    [0m [96m    ~~~~~~[0m
    The expected type comes from property 'select' which is declared here on type '{ select?: 
MissionSelect<DefaultArgs> | null | undefined; omit?: MissionOmit<DefaultArgs> | null | undefined; include?: 
MissionInclude<...> | ... 1 more ... | undefined; where: MissionWhereUniqueInput; }'
[96msrc/messages/messages.service.ts[0m:[93m169[0m:[93m30[0m - [91merror[0m[90m TS2339: [0mProperty 
'workerId' does not exist on type '{ description: string; title: string; id: string; createdAt: Date; updatedAt: Date; 
status: MissionStatus; authorClientId: string; assigneeWorkerId: string | null; ... 12 more ...; workerProfileId: 
string | null; }'.

[7m169[0m     if (!mission || !mission.workerId) {
[7m   [0m [91m                             ~~~~~~~~[0m
[96msrc/messages/messages.service.ts[0m:[93m175[0m:[93m39[0m - [91merror[0m[90m TS2339: [0mProperty 
'message' does not exist on type 'PrismaService'.

[7m175[0m     const message = await this.prisma.message.create({
[7m   [0m [91m                                      ~~~~~~~[0m
[96msrc/messages/messages.service.ts[0m:[93m195[0m:[93m19[0m - [91merror[0m[90m TS2339: [0mProperty 'worker' 
does not exist on type '{ description: string; title: string; id: string; createdAt: Date; updatedAt: Date; status: 
MissionStatus; authorClientId: string; assigneeWorkerId: string | null; ... 12 more ...; workerProfileId: string | 
null; }'.

[7m195[0m         ? mission.worker?.user.clerkId
[7m   [0m [91m                  ~~~~~~[0m
[96msrc/messages/messages.service.ts[0m:[93m196[0m:[93m19[0m - [91merror[0m[90m TS2339: [0mProperty 
'employer' does not exist on type '{ description: string; title: string; id: string; createdAt: Date; updatedAt: Date; 
status: MissionStatus; authorClientId: string; assigneeWorkerId: string | null; ... 12 more ...; workerProfileId: 
string | null; }'.

[7m196[0m         : mission.employer.user.clerkId;
[7m   [0m [91m                  ~~~~~~~~[0m
[96msrc/mission-photos/mission-photos.service.ts[0m:[93m37[0m:[93m9[0m - [91merror[0m[90m TS2353: [0mObject 
literal may only specify known properties, and 'employerId' does not exist in type 'MissionSelect<DefaultArgs>'.

[7m37[0m         employerId: true,
[7m  [0m [91m        ~~~~~~~~~~[0m

  [96mnode_modules/.prisma/client/index.d.ts[0m:[93m5724[0m:[93m5[0m
    [7m5724[0m     select?: MissionSelect<ExtArgs> | null
    [7m    [0m [96m    ~~~~~~[0m
    The expected type comes from property 'select' which is declared here on type '{ select?: 
MissionSelect<DefaultArgs> | null | undefined; omit?: MissionOmit<DefaultArgs> | null | undefined; include?: 
MissionInclude<...> | ... 1 more ... | undefined; where: MissionWhereUniqueInput; }'
[96msrc/mission-photos/mission-photos.service.ts[0m:[93m64[0m:[93m32[0m - [91merror[0m[90m TS2339: 
[0mProperty 'employer' does not exist on type '{ description: string; title: string; id: string; createdAt: Date; 
updatedAt: Date; status: MissionStatus; authorClientId: string; assigneeWorkerId: string | null; ... 12 more ...; 
workerProfileId: string | null; }'.

[7m64[0m     const isEmployer = mission.employer.user.clerkId === clerkUserId;
[7m  [0m [91m                               ~~~~~~~~[0m
[96msrc/mission-photos/mission-photos.service.ts[0m:[93m65[0m:[93m30[0m - [91merror[0m[90m TS2339: 
[0mProperty 'worker' does not exist on type '{ description: string; title: string; id: string; createdAt: Date; 
updatedAt: Date; status: MissionStatus; authorClientId: string; assigneeWorkerId: string | null; ... 12 more ...; 
workerProfileId: string | null; }'.

[7m65[0m     const isWorker = mission.worker?.user.clerkId === clerkUserId;
[7m  [0m [91m                             ~~~~~~[0m
[96msrc/mission-photos/mission-photos.service.ts[0m:[93m88[0m:[93m38[0m - [91merror[0m[90m TS2339: 
[0mProperty 'missionPhoto' does not exist on type 'PrismaService'.

[7m88[0m     const photos = await this.prisma.missionPhoto.findMany({
[7m  [0m [91m                                     ~~~~~~~~~~~~[0m
[96msrc/mission-photos/mission-photos.service.ts[0m:[93m100[0m:[93m24[0m - [91merror[0m[90m TS7006: 
[0mParameter 'photo' implicitly has an 'any' type.

[7m100[0m     return photos.map((photo) => ({
[7m   [0m [91m                       ~~~~~[0m
[96msrc/mission-photos/mission-photos.service.ts[0m:[93m160[0m:[93m37[0m - [91merror[0m[90m TS2339: 
[0mProperty 'missionPhoto' does not exist on type 'PrismaService'.

[7m160[0m     const photo = await this.prisma.missionPhoto.create({
[7m   [0m [91m                                    ~~~~~~~~~~~~[0m
[96msrc/mission-photos/mission-photos.service.ts[0m:[93m192[0m:[93m37[0m - [91merror[0m[90m TS2339: 
[0mProperty 'missionPhoto' does not exist on type 'PrismaService'.

[7m192[0m     const photo = await this.prisma.missionPhoto.findUnique({
[7m   [0m [91m                                    ~~~~~~~~~~~~[0m
[96msrc/mission-photos/mission-photos.service.ts[0m:[93m242[0m:[93m23[0m - [91merror[0m[90m TS2339: 
[0mProperty 'missionPhoto' does not exist on type 'PrismaService'.

[7m242[0m     await this.prisma.missionPhoto.delete({
[7m   [0m [91m                      ~~~~~~~~~~~~[0m
[96msrc/mission-time-logs/mission-time-logs.service.ts[0m:[93m9[0m:[93m10[0m - [91merror[0m[90m TS2305: 
[0mModule '"@prisma/client"' has no exported member 'MissionTimeLogType'.

[7m9[0m import { MissionTimeLogType } from '@prisma/client';
[7m [0m [91m         ~~~~~~~~~~~~~~~~~~[0m
[96msrc/mission-time-logs/mission-time-logs.service.ts[0m:[93m12[0m:[93m10[0m - [91merror[0m[90m TS2724: 
[0m'"@prisma/client"' has no exported member named 'NotificationType'. Did you mean 'Notification'?

[7m12[0m import { NotificationType } from '@prisma/client';
[7m  [0m [91m         ~~~~~~~~~~~~~~~~[0m
[96msrc/mission-time-logs/mission-time-logs.service.ts[0m:[93m42[0m:[93m9[0m - [91merror[0m[90m TS2353: 
[0mObject literal may only specify known properties, and 'employerId' does not exist in type 
'MissionSelect<DefaultArgs>'.

[7m42[0m         employerId: true,
[7m  [0m [91m        ~~~~~~~~~~[0m

  [96mnode_modules/.prisma/client/index.d.ts[0m:[93m5724[0m:[93m5[0m
    [7m5724[0m     select?: MissionSelect<ExtArgs> | null
    [7m    [0m [96m    ~~~~~~[0m
    The expected type comes from property 'select' which is declared here on type '{ select?: 
MissionSelect<DefaultArgs> | null | undefined; omit?: MissionOmit<DefaultArgs> | null | undefined; include?: 
MissionInclude<...> | ... 1 more ... | undefined; where: MissionWhereUniqueInput; }'
[96msrc/mission-time-logs/mission-time-logs.service.ts[0m:[93m69[0m:[93m32[0m - [91merror[0m[90m TS2339: 
[0mProperty 'employer' does not exist on type '{ description: string; title: string; id: string; createdAt: Date; 
updatedAt: Date; status: MissionStatus; authorClientId: string; assigneeWorkerId: string | null; ... 12 more ...; 
workerProfileId: string | null; }'.

[7m69[0m     const isEmployer = mission.employer.user.clerkId === clerkUserId;
[7m  [0m [91m                               ~~~~~~~~[0m
[96msrc/mission-time-logs/mission-time-logs.service.ts[0m:[93m70[0m:[93m30[0m - [91merror[0m[90m TS2339: 
[0mProperty 'worker' does not exist on type '{ description: string; title: string; id: string; createdAt: Date; 
updatedAt: Date; status: MissionStatus; authorClientId: string; assigneeWorkerId: string | null; ... 12 more ...; 
workerProfileId: string | null; }'.

[7m70[0m     const isWorker = mission.worker?.user.clerkId === clerkUserId;
[7m  [0m [91m                             ~~~~~~[0m
[96msrc/mission-time-logs/mission-time-logs.service.ts[0m:[93m75[0m:[93m32[0m - [91merror[0m[90m TS2339: 
[0mProperty 'employer' does not exist on type '{ description: string; title: string; id: string; createdAt: Date; 
updatedAt: Date; status: MissionStatus; authorClientId: string; assigneeWorkerId: string | null; ... 12 more ...; 
workerProfileId: string | null; }'.

[7m75[0m       employerClerkId: mission.employer.user.clerkId,
[7m  [0m [91m                               ~~~~~~~~[0m
[96msrc/mission-time-logs/mission-time-logs.service.ts[0m:[93m94[0m:[93m36[0m - [91merror[0m[90m TS2339: 
[0mProperty 'missionTimeLog' does not exist on type 'PrismaService'.

[7m94[0m     const logs = await this.prisma.missionTimeLog.findMany({
[7m  [0m [91m                                   ~~~~~~~~~~~~~~[0m
[96msrc/mission-time-logs/mission-time-logs.service.ts[0m:[93m107[0m:[93m22[0m - [91merror[0m[90m TS7006: 
[0mParameter 'log' implicitly has an 'any' type.

[7m107[0m     return logs.map((log) => {
[7m   [0m [91m                     ~~~[0m
[96msrc/mission-time-logs/mission-time-logs.service.ts[0m:[93m140[0m:[93m39[0m - [91merror[0m[90m TS2339: 
[0mProperty 'missionTimeLog' does not exist on type 'PrismaService'.

[7m140[0m     const lastLog = await this.prisma.missionTimeLog.findFirst({
[7m   [0m [91m                                      ~~~~~~~~~~~~~~[0m
[96msrc/mission-time-logs/mission-time-logs.service.ts[0m:[93m152[0m:[93m35[0m - [91merror[0m[90m TS2339: 
[0mProperty 'missionTimeLog' does not exist on type 'PrismaService'.

[7m152[0m     const log = await this.prisma.missionTimeLog.create({
[7m   [0m [91m                                  ~~~~~~~~~~~~~~[0m
[96msrc/mission-time-logs/mission-time-logs.service.ts[0m:[93m209[0m:[93m39[0m - [91merror[0m[90m TS2339: 
[0mProperty 'missionTimeLog' does not exist on type 'PrismaService'.

[7m209[0m     const lastLog = await this.prisma.missionTimeLog.findFirst({
[7m   [0m [91m                                      ~~~~~~~~~~~~~~[0m
[96msrc/mission-time-logs/mission-time-logs.service.ts[0m:[93m221[0m:[93m35[0m - [91merror[0m[90m TS2339: 
[0mProperty 'missionTimeLog' does not exist on type 'PrismaService'.

[7m221[0m     const log = await this.prisma.missionTimeLog.create({
[7m   [0m [91m                                  ~~~~~~~~~~~~~~[0m
[96msrc/missions/missions.service.spec.ts[0m:[93m58[0m:[93m31[0m - [91merror[0m[90m TS2339: [0mProperty 
'CREATED' does not exist on type '{ DRAFT: "DRAFT"; OPEN: "OPEN"; MATCHED: "MATCHED"; IN_PROGRESS: "IN_PROGRESS"; 
COMPLETED: "COMPLETED"; CANCELLED: "CANCELLED"; }'.

[7m58[0m         status: MissionStatus.CREATED,
[7m  [0m [91m                              ~~~~~~~[0m
[96msrc/missions/missions.service.spec.ts[0m:[93m92[0m:[93m33[0m - [91merror[0m[90m TS2339: [0mProperty 
'CREATED' does not exist on type '{ DRAFT: "DRAFT"; OPEN: "OPEN"; MATCHED: "MATCHED"; IN_PROGRESS: "IN_PROGRESS"; 
COMPLETED: "COMPLETED"; CANCELLED: "CANCELLED"; }'.

[7m92[0m           status: MissionStatus.CREATED,
[7m  [0m [91m                                ~~~~~~~[0m
[96msrc/missions/missions.service.spec.ts[0m:[93m126[0m:[93m31[0m - [91merror[0m[90m TS2339: [0mProperty 
'CREATED' does not exist on type '{ DRAFT: "DRAFT"; OPEN: "OPEN"; MATCHED: "MATCHED"; IN_PROGRESS: "IN_PROGRESS"; 
COMPLETED: "COMPLETED"; CANCELLED: "CANCELLED"; }'.

[7m126[0m         status: MissionStatus.CREATED,
[7m   [0m [91m                              ~~~~~~~[0m
[96msrc/missions/missions.service.spec.ts[0m:[93m155[0m:[93m31[0m - [91merror[0m[90m TS2339: [0mProperty 
'CREATED' does not exist on type '{ DRAFT: "DRAFT"; OPEN: "OPEN"; MATCHED: "MATCHED"; IN_PROGRESS: "IN_PROGRESS"; 
COMPLETED: "COMPLETED"; CANCELLED: "CANCELLED"; }'.

[7m155[0m         status: MissionStatus.CREATED,
[7m   [0m [91m                              ~~~~~~~[0m
[96msrc/missions/missions.service.ts[0m:[93m91[0m:[93m40[0m - [91merror[0m[90m TS2339: [0mProperty 
'employer' does not exist on type 'PrismaService'.

[7m91[0m     const employer = await this.prisma.employer.findUnique({
[7m  [0m [91m                                       ~~~~~~~~[0m
[96msrc/missions/missions.service.ts[0m:[93m104[0m:[93m9[0m - [91merror[0m[90m TS2322: [0mType 'string | 
undefined' is not assignable to type 'string'.
  Type 'undefined' is not assignable to type 'string'.

[7m104[0m         description: dto.description,
[7m   [0m [91m        ~~~~~~~~~~~[0m

  [96mnode_modules/.prisma/client/index.d.ts[0m:[93m31551[0m:[93m5[0m
    [7m31551[0m     description: string
    [7m     [0m [96m    ~~~~~~~~~~~[0m
    The expected type comes from property 'description' which is declared here on type '(Without<MissionCreateInput, 
MissionUncheckedCreateInput> & MissionUncheckedCreateInput) | (Without<...> & MissionCreateInput)'
[96msrc/missions/missions.service.ts[0m:[93m111[0m:[93m31[0m - [91merror[0m[90m TS2339: [0mProperty 
'CREATED' does not exist on type '{ DRAFT: "DRAFT"; OPEN: "OPEN"; MATCHED: "MATCHED"; IN_PROGRESS: "IN_PROGRESS"; 
COMPLETED: "COMPLETED"; CANCELLED: "CANCELLED"; }'.

[7m111[0m         status: MissionStatus.CREATED,
[7m   [0m [91m                              ~~~~~~~[0m
[96msrc/missions/missions.service.ts[0m:[93m118[0m:[93m31[0m - [91merror[0m[90m TS2345: [0mArgument of type 
'{ description: string; title: string; id: string; createdAt: Date; updatedAt: Date; status: MissionStatus; 
authorClientId: string; assigneeWorkerId: string | null; ... 12 more ...; workerProfileId: string | null; }' is not 
assignable to parameter of type '{ description: string; title: string; id: string; createdAt: Date; updatedAt: Date; 
city: never; category: never; address: never; hourlyRate: never; startsAt: never; endsAt: never; status: 
MissionStatus; employerId: never; workerId: never; priceCents: never; currency: never; }'.
  Type '{ description: string; title: string; id: string; createdAt: Date; updatedAt: Date; status: MissionStatus; 
authorClientId: string; assigneeWorkerId: string | null; ... 12 more ...; workerProfileId: string | null; }' is 
missing the following properties from type '{ description: string; title: string; id: string; createdAt: Date; 
updatedAt: Date; city: never; category: never; address: never; hourlyRate: never; startsAt: never; endsAt: never; 
status: MissionStatus; employerId: never; workerId: never; priceCents: never; currency: never; }': city, category, 
address, hourlyRate, and 6 more.

[7m118[0m     return this.mapToResponse(mission);
[7m   [0m [91m                              ~~~~~~~[0m
[96msrc/missions/missions.service.ts[0m:[93m122[0m:[93m40[0m - [91merror[0m[90m TS2339: [0mProperty 
'employer' does not exist on type 'PrismaService'.

[7m122[0m     const employer = await this.prisma.employer.findUnique({
[7m   [0m [91m                                       ~~~~~~~~[0m
[96msrc/missions/missions.service.ts[0m:[93m132[0m:[93m16[0m - [91merror[0m[90m TS2353: [0mObject literal 
may only specify known properties, and 'employerId' does not exist in type 'MissionWhereInput'.

[7m132[0m       where: { employerId: employer.id },
[7m   [0m [91m               ~~~~~~~~~~[0m
[96msrc/missions/missions.service.ts[0m:[93m137[0m:[93m57[0m - [91merror[0m[90m TS2345: [0mArgument of type 
'{ description: string; title: string; id: string; createdAt: Date; updatedAt: Date; status: MissionStatus; 
authorClientId: string; assigneeWorkerId: string | null; ... 12 more ...; workerProfileId: string | null; }' is not 
assignable to parameter of type '{ description: string; title: string; id: string; createdAt: Date; updatedAt: Date; 
city: never; category: never; address: never; hourlyRate: never; startsAt: never; endsAt: never; status: 
MissionStatus; employerId: never; workerId: never; priceCents: never; currency: never; }'.
  Type '{ description: string; title: string; id: string; createdAt: Date; updatedAt: Date; status: MissionStatus; 
authorClientId: string; assigneeWorkerId: string | null; ... 12 more ...; workerProfileId: string | null; }' is 
missing the following properties from type '{ description: string; title: string; id: string; createdAt: Date; 
updatedAt: Date; city: never; category: never; address: never; hourlyRate: never; startsAt: never; endsAt: never; 
status: MissionStatus; employerId: never; workerId: never; priceCents: never; currency: never; }': city, category, 
address, hourlyRate, and 6 more.

[7m137[0m     return missions.map((mission) => this.mapToResponse(mission));
[7m   [0m [91m                                                        ~~~~~~~[0m
[96msrc/missions/missions.service.ts[0m:[93m155[0m:[93m40[0m - [91merror[0m[90m TS2339: [0mProperty 
'employer' does not exist on type 'PrismaService'.

[7m155[0m     const employer = await this.prisma.employer.findUnique({
[7m   [0m [91m                                       ~~~~~~~~[0m
[96msrc/missions/missions.service.ts[0m:[93m160[0m:[93m38[0m - [91merror[0m[90m TS2339: [0mProperty 'worker' 
does not exist on type 'PrismaService'.

[7m160[0m     const worker = await this.prisma.worker.findUnique({
[7m   [0m [91m                                     ~~~~~~[0m
[96msrc/missions/missions.service.ts[0m:[93m201[0m:[93m31[0m - [91merror[0m[90m TS2339: [0mProperty 
'CREATED' does not exist on type '{ DRAFT: "DRAFT"; OPEN: "OPEN"; MATCHED: "MATCHED"; IN_PROGRESS: "IN_PROGRESS"; 
COMPLETED: "COMPLETED"; CANCELLED: "CANCELLED"; }'.

[7m201[0m         status: MissionStatus.CREATED,
[7m   [0m [91m                              ~~~~~~~[0m
[96msrc/missions/missions.service.ts[0m:[93m202[0m:[93m9[0m - [91merror[0m[90m TS2353: [0mObject literal may 
only specify known properties, and 'city' does not exist in type 'MissionWhereInput'.

[7m202[0m         city: filters.city ? { equals: filters.city, mode: 'insensitive' } : undefined,
[7m   [0m [91m        ~~~~[0m
[96msrc/missions/missions.service.ts[0m:[93m211[0m:[93m57[0m - [91merror[0m[90m TS2345: [0mArgument of type 
'{ description: string; title: string; id: string; createdAt: Date; updatedAt: Date; status: MissionStatus; 
authorClientId: string; assigneeWorkerId: string | null; ... 12 more ...; workerProfileId: string | null; }' is not 
assignable to parameter of type '{ description: string; title: string; id: string; createdAt: Date; updatedAt: Date; 
city: never; category: never; address: never; hourlyRate: never; startsAt: never; endsAt: never; status: 
MissionStatus; employerId: never; workerId: never; priceCents: never; currency: never; }'.
  Type '{ description: string; title: string; id: string; createdAt: Date; updatedAt: Date; status: MissionStatus; 
authorClientId: string; assigneeWorkerId: string | null; ... 12 more ...; workerProfileId: string | null; }' is 
missing the following properties from type '{ description: string; title: string; id: string; createdAt: Date; 
updatedAt: Date; city: never; category: never; address: never; hourlyRate: never; startsAt: never; endsAt: never; 
status: MissionStatus; employerId: never; workerId: never; priceCents: never; currency: never; }': city, category, 
address, hourlyRate, and 6 more.

[7m211[0m     return missions.map((mission) => this.mapToResponse(mission));
[7m   [0m [91m                                                        ~~~~~~~[0m
[96msrc/missions/missions.service.ts[0m:[93m219[0m:[93m40[0m - [91merror[0m[90m TS2339: [0mProperty 
'employer' does not exist on type 'PrismaService'.

[7m219[0m     const employer = await this.prisma.employer.findUnique({
[7m   [0m [91m                                       ~~~~~~~~[0m
[96msrc/missions/missions.service.ts[0m:[93m239[0m:[93m9[0m - [91merror[0m[90m TS2353: [0mObject literal may 
only specify known properties, and 'worker' does not exist in type 'MissionSelect<DefaultArgs>'.

[7m239[0m         worker: {
[7m   [0m [91m        ~~~~~~[0m

  [96mnode_modules/.prisma/client/index.d.ts[0m:[93m5724[0m:[93m5[0m
    [7m5724[0m     select?: MissionSelect<ExtArgs> | null
    [7m    [0m [96m    ~~~~~~[0m
    The expected type comes from property 'select' which is declared here on type '{ select?: 
MissionSelect<DefaultArgs> | null | undefined; omit?: MissionOmit<DefaultArgs> | null | undefined; include?: 
MissionInclude<...> | ... 1 more ... | undefined; where: MissionWhereUniqueInput; }'
[96msrc/missions/missions.service.ts[0m:[93m255[0m:[93m17[0m - [91merror[0m[90m TS2339: [0mProperty 
'employerId' does not exist on type '{ description: string; title: string; id: string; createdAt: Date; updatedAt: 
Date; status: MissionStatus; authorClientId: string; assigneeWorkerId: string | null; ... 12 more ...; 
workerProfileId: string | null; }'.

[7m255[0m     if (mission.employerId !== employer.id) {
[7m   [0m [91m                ~~~~~~~~~~[0m
[96msrc/missions/missions.service.ts[0m:[93m272[0m:[93m17[0m - [91merror[0m[90m TS2339: [0mProperty 'worker' 
does not exist on type '{ description: string; title: string; id: string; createdAt: Date; updatedAt: Date; status: 
MissionStatus; authorClientId: string; assigneeWorkerId: string | null; ... 12 more ...; workerProfileId: string | 
null; }'.

[7m272[0m     if (mission.worker?.user.clerkId) {
[7m   [0m [91m                ~~~~~~[0m
[96msrc/missions/missions.service.ts[0m:[93m277[0m:[93m17[0m - [91merror[0m[90m TS2339: [0mProperty 'worker' 
does not exist on type '{ description: string; title: string; id: string; createdAt: Date; updatedAt: Date; status: 
MissionStatus; authorClientId: string; assigneeWorkerId: string | null; ... 12 more ...; workerProfileId: string | 
null; }'.

[7m277[0m         mission.worker.user.clerkId,
[7m   [0m [91m                ~~~~~~[0m
[96msrc/missions/missions.service.ts[0m:[93m318[0m:[93m9[0m - [91merror[0m[90m TS2353: [0mObject literal may 
only specify known properties, and 'employer' does not exist in type 'MissionSelect<DefaultArgs>'.

[7m318[0m         employer: {
[7m   [0m [91m        ~~~~~~~~[0m

  [96mnode_modules/.prisma/client/index.d.ts[0m:[93m5724[0m:[93m5[0m
    [7m5724[0m     select?: MissionSelect<ExtArgs> | null
    [7m    [0m [96m    ~~~~~~[0m
    The expected type comes from property 'select' which is declared here on type '{ select?: 
MissionSelect<DefaultArgs> | null | undefined; omit?: MissionOmit<DefaultArgs> | null | undefined; include?: 
MissionInclude<...> | ... 1 more ... | undefined; where: MissionWhereUniqueInput; }'
[96msrc/missions/missions.service.ts[0m:[93m335[0m:[93m42[0m - [91merror[0m[90m TS2339: [0mProperty 
'CREATED' does not exist on type '{ DRAFT: "DRAFT"; OPEN: "OPEN"; MATCHED: "MATCHED"; IN_PROGRESS: "IN_PROGRESS"; 
COMPLETED: "COMPLETED"; CANCELLED: "CANCELLED"; }'.

[7m335[0m     if (mission.status !== MissionStatus.CREATED) {
[7m   [0m [91m                                         ~~~~~~~[0m
[96msrc/missions/missions.service.ts[0m:[93m347[0m:[93m31[0m - [91merror[0m[90m TS2339: [0mProperty 
'CREATED' does not exist on type '{ DRAFT: "DRAFT"; OPEN: "OPEN"; MATCHED: "MATCHED"; IN_PROGRESS: "IN_PROGRESS"; 
COMPLETED: "COMPLETED"; CANCELLED: "CANCELLED"; }'.

[7m347[0m         status: MissionStatus.CREATED, // Double check atomique
[7m   [0m [91m                              ~~~~~~~[0m
[96msrc/missions/missions.service.ts[0m:[93m350[0m:[93m31[0m - [91merror[0m[90m TS2339: [0mProperty 
'RESERVED' does not exist on type '{ DRAFT: "DRAFT"; OPEN: "OPEN"; MATCHED: "MATCHED"; IN_PROGRESS: "IN_PROGRESS"; 
COMPLETED: "COMPLETED"; CANCELLED: "CANCELLED"; }'.

[7m350[0m         status: MissionStatus.RESERVED,
[7m   [0m [91m                              ~~~~~~~~[0m
[96msrc/missions/missions.service.ts[0m:[93m351[0m:[93m9[0m - [91merror[0m[90m TS2353: [0mObject literal may 
only specify known properties, and 'workerId' does not exist in type '(Without<MissionUpdateInput, 
MissionUncheckedUpdateInput> & MissionUncheckedUpdateInput) | (Without<...> & MissionUpdateInput)'.

[7m351[0m         workerId: worker.id, // worker existe forc├⌐ment ici
[7m   [0m [91m        ~~~~~~~~[0m

  [96mnode_modules/.prisma/client/index.d.ts[0m:[93m5987[0m:[93m5[0m
    [7m5987[0m     data: XOR<MissionUpdateInput, MissionUncheckedUpdateInput>
    [7m    [0m [96m    ~~~~[0m
    The expected type comes from property 'data' which is declared here on type '{ select?: MissionSelect<DefaultArgs> 
| null | undefined; omit?: MissionOmit<DefaultArgs> | null | undefined; include?: MissionInclude<...> | ... 1 more ... 
| undefined; data: (Without<...> & MissionUncheckedUpdateInput) | (Without<...> & MissionUpdateInput); where: 
MissionWhereUniqueInput; }'
[96msrc/missions/missions.service.ts[0m:[93m358[0m:[93m17[0m - [91merror[0m[90m TS2339: [0mProperty 
'employer' does not exist on type '{ description: string; title: string; id: string; createdAt: Date; updatedAt: Date; 
status: MissionStatus; authorClientId: string; assigneeWorkerId: string | null; ... 12 more ...; workerProfileId: 
string | null; }'.

[7m358[0m     if (mission.employer?.user?.clerkId) {
[7m   [0m [91m                ~~~~~~~~[0m
[96msrc/missions/missions.service.ts[0m:[93m361[0m:[93m23[0m - [91merror[0m[90m TS2339: [0mProperty 
'CREATED' does not exist on type '{ DRAFT: "DRAFT"; OPEN: "OPEN"; MATCHED: "MATCHED"; IN_PROGRESS: "IN_PROGRESS"; 
COMPLETED: "COMPLETED"; CANCELLED: "CANCELLED"; }'.

[7m361[0m         MissionStatus.CREATED,
[7m   [0m [91m                      ~~~~~~~[0m
[96msrc/missions/missions.service.ts[0m:[93m362[0m:[93m23[0m - [91merror[0m[90m TS2339: [0mProperty 
'RESERVED' does not exist on type '{ DRAFT: "DRAFT"; OPEN: "OPEN"; MATCHED: "MATCHED"; IN_PROGRESS: "IN_PROGRESS"; 
COMPLETED: "COMPLETED"; CANCELLED: "CANCELLED"; }'.

[7m362[0m         MissionStatus.RESERVED,
[7m   [0m [91m                      ~~~~~~~~[0m
[96msrc/missions/missions.service.ts[0m:[93m363[0m:[93m17[0m - [91merror[0m[90m TS2339: [0mProperty 
'employer' does not exist on type '{ description: string; title: string; id: string; createdAt: Date; updatedAt: Date; 
status: MissionStatus; authorClientId: string; assigneeWorkerId: string | null; ... 12 more ...; workerProfileId: 
string | null; }'.

[7m363[0m         mission.employer.user.clerkId,
[7m   [0m [91m                ~~~~~~~~[0m
[96msrc/missions/missions.service.ts[0m:[93m367[0m:[93m31[0m - [91merror[0m[90m TS2345: [0mArgument of type 
'{ description: string; title: string; id: string; createdAt: Date; updatedAt: Date; status: MissionStatus; 
authorClientId: string; assigneeWorkerId: string | null; ... 12 more ...; workerProfileId: string | null; }' is not 
assignable to parameter of type '{ description: string; title: string; id: string; createdAt: Date; updatedAt: Date; 
city: never; category: never; address: never; hourlyRate: never; startsAt: never; endsAt: never; status: 
MissionStatus; employerId: never; workerId: never; priceCents: never; currency: never; }'.
  Type '{ description: string; title: string; id: string; createdAt: Date; updatedAt: Date; status: MissionStatus; 
authorClientId: string; assigneeWorkerId: string | null; ... 12 more ...; workerProfileId: string | null; }' is 
missing the following properties from type '{ description: string; title: string; id: string; createdAt: Date; 
updatedAt: Date; city: never; category: never; address: never; hourlyRate: never; startsAt: never; endsAt: never; 
status: MissionStatus; employerId: never; workerId: never; priceCents: never; currency: never; }': city, category, 
address, hourlyRate, and 6 more.

[7m367[0m     return this.mapToResponse(updated);
[7m   [0m [91m                              ~~~~~~~[0m
[96msrc/missions/missions.service.ts[0m:[93m392[0m:[93m16[0m - [91merror[0m[90m TS2353: [0mObject literal 
may only specify known properties, and 'workerId' does not exist in type 'MissionWhereInput'.

[7m392[0m       where: { workerId: worker!.id }, // worker existe forc├⌐ment ici (prod) ou en dev on retourne []
[7m   [0m [91m               ~~~~~~~~[0m
[96msrc/missions/missions.service.ts[0m:[93m397[0m:[93m57[0m - [91merror[0m[90m TS2345: [0mArgument of type 
'{ description: string; title: string; id: string; createdAt: Date; updatedAt: Date; status: MissionStatus; 
authorClientId: string; assigneeWorkerId: string | null; ... 12 more ...; workerProfileId: string | null; }' is not 
assignable to parameter of type '{ description: string; title: string; id: string; createdAt: Date; updatedAt: Date; 
city: never; category: never; address: never; hourlyRate: never; startsAt: never; endsAt: never; status: 
MissionStatus; employerId: never; workerId: never; priceCents: never; currency: never; }'.
  Type '{ description: string; title: string; id: string; createdAt: Date; updatedAt: Date; status: MissionStatus; 
authorClientId: string; assigneeWorkerId: string | null; ... 12 more ...; workerProfileId: string | null; }' is 
missing the following properties from type '{ description: string; title: string; id: string; createdAt: Date; 
updatedAt: Date; city: never; category: never; address: never; hourlyRate: never; startsAt: never; endsAt: never; 
status: MissionStatus; employerId: never; workerId: never; priceCents: never; currency: never; }': city, category, 
address, hourlyRate, and 6 more.

[7m397[0m     return missions.map((mission) => this.mapToResponse(mission));
[7m   [0m [91m                                                        ~~~~~~~[0m
[96msrc/missions/missions.service.ts[0m:[93m431[0m:[93m29[0m - [91merror[0m[90m TS2339: [0mProperty 
'CREATED' does not exist on type '{ DRAFT: "DRAFT"; OPEN: "OPEN"; MATCHED: "MATCHED"; IN_PROGRESS: "IN_PROGRESS"; 
COMPLETED: "COMPLETED"; CANCELLED: "CANCELLED"; }'.

[7m431[0m       status: MissionStatus.CREATED,
[7m   [0m [91m                            ~~~~~~~[0m
[96msrc/missions/missions.service.ts[0m:[93m435[0m:[93m13[0m - [91merror[0m[90m TS2551: [0mProperty 
'category' does not exist on type 'MissionWhereInput'. Did you mean 'categoryId'?

[7m435[0m       where.category = { equals: filters.category, mode: 'insensitive' };
[7m   [0m [91m            ~~~~~~~~[0m

  [96mnode_modules/.prisma/client/index.d.ts[0m:[93m29765[0m:[93m5[0m
    [7m29765[0m     categoryId?: StringFilter<"Mission"> | string
    [7m     [0m [96m    ~~~~~~~~~~[0m
    'categoryId' is declared here.
[96msrc/missions/missions.service.ts[0m:[93m439[0m:[93m13[0m - [91merror[0m[90m TS2339: [0mProperty 'city' 
does not exist on type 'MissionWhereInput'.

[7m439[0m       where.city = { equals: filters.city, mode: 'insensitive' };
[7m   [0m [91m            ~~~~[0m
[96msrc/missions/missions.service.ts[0m:[93m447[0m:[93m9[0m - [91merror[0m[90m TS2353: [0mObject literal may 
only specify known properties, and 'location' does not exist in type 'MissionSelect<DefaultArgs>'.

[7m447[0m         location: true,
[7m   [0m [91m        ~~~~~~~~[0m
[96msrc/missions/missions.service.ts[0m:[93m466[0m:[93m19[0m - [91merror[0m[90m TS2339: [0mProperty 
'location' does not exist on type '{ description: string; title: string; id: string; createdAt: Date; updatedAt: Date; 
status: MissionStatus; authorClientId: string; assigneeWorkerId: string | null; ... 12 more ...; workerProfileId: 
string | null; }'.

[7m466[0m       if (mission.location && typeof mission.location === 'object') {
[7m   [0m [91m                  ~~~~~~~~[0m
[96msrc/missions/missions.service.ts[0m:[93m466[0m:[93m46[0m - [91merror[0m[90m TS2339: [0mProperty 
'location' does not exist on type '{ description: string; title: string; id: string; createdAt: Date; updatedAt: Date; 
status: MissionStatus; authorClientId: string; assigneeWorkerId: string | null; ... 12 more ...; workerProfileId: 
string | null; }'.

[7m466[0m       if (mission.location && typeof mission.location === 'object') {
[7m   [0m [91m                                             ~~~~~~~~[0m
[96msrc/missions/missions.service.ts[0m:[93m467[0m:[93m29[0m - [91merror[0m[90m TS2339: [0mProperty 
'location' does not exist on type '{ description: string; title: string; id: string; createdAt: Date; updatedAt: Date; 
status: MissionStatus; authorClientId: string; assigneeWorkerId: string | null; ... 12 more ...; workerProfileId: 
string | null; }'.

[7m467[0m         const loc = mission.location as any;
[7m   [0m [91m                            ~~~~~~~~[0m
[96msrc/missions/missions.service.ts[0m:[93m490[0m:[93m27[0m - [91merror[0m[90m TS2551: [0mProperty 
'category' does not exist on type '{ description: string; title: string; id: string; createdAt: Date; updatedAt: Date; 
status: MissionStatus; authorClientId: string; assigneeWorkerId: string | null; ... 12 more ...; workerProfileId: 
string | null; }'. Did you mean 'categoryId'?

[7m490[0m         category: mission.category ?? null,
[7m   [0m [91m                          ~~~~~~~~[0m
[96msrc/missions/missions.service.ts[0m:[93m491[0m:[93m23[0m - [91merror[0m[90m TS2339: [0mProperty 'city' 
does not exist on type '{ description: string; title: string; id: string; createdAt: Date; updatedAt: Date; status: 
MissionStatus; authorClientId: string; assigneeWorkerId: string | null; ... 12 more ...; workerProfileId: string | 
null; }'.

[7m491[0m         city: mission.city ?? null,
[7m   [0m [91m                      ~~~~[0m
[96msrc/missions/missions.service.ts[0m:[93m492[0m:[93m26[0m - [91merror[0m[90m TS2339: [0mProperty 
'address' does not exist on type '{ description: string; title: string; id: string; createdAt: Date; updatedAt: Date; 
status: MissionStatus; authorClientId: string; assigneeWorkerId: string | null; ... 12 more ...; workerProfileId: 
string | null; }'.

[7m492[0m         address: mission.address ?? null,
[7m   [0m [91m                         ~~~~~~~[0m
[96msrc/missions/missions.service.ts[0m:[93m493[0m:[93m29[0m - [91merror[0m[90m TS2339: [0mProperty 
'hourlyRate' does not exist on type '{ description: string; title: string; id: string; createdAt: Date; updatedAt: 
Date; status: MissionStatus; authorClientId: string; assigneeWorkerId: string | null; ... 12 more ...; 
workerProfileId: string | null; }'.

[7m493[0m         hourlyRate: mission.hourlyRate ?? null,
[7m   [0m [91m                            ~~~~~~~~~~[0m
[96msrc/missions/missions.service.ts[0m:[93m494[0m:[93m27[0m - [91merror[0m[90m TS2551: [0mProperty 
'startsAt' does not exist on type '{ description: string; title: string; id: string; createdAt: Date; updatedAt: Date; 
status: MissionStatus; authorClientId: string; assigneeWorkerId: string | null; ... 12 more ...; workerProfileId: 
string | null; }'. Did you mean 'startAt'?

[7m494[0m         startsAt: mission.startsAt ? mission.startsAt.toISOString() : null,
[7m   [0m [91m                          ~~~~~~~~[0m
[96msrc/missions/missions.service.ts[0m:[93m494[0m:[93m46[0m - [91merror[0m[90m TS2551: [0mProperty 
'startsAt' does not exist on type '{ description: string; title: string; id: string; createdAt: Date; updatedAt: Date; 
status: MissionStatus; authorClientId: string; assigneeWorkerId: string | null; ... 12 more ...; workerProfileId: 
string | null; }'. Did you mean 'startAt'?

[7m494[0m         startsAt: mission.startsAt ? mission.startsAt.toISOString() : null,
[7m   [0m [91m                                             ~~~~~~~~[0m
[96msrc/missions/missions.service.ts[0m:[93m495[0m:[93m25[0m - [91merror[0m[90m TS2551: [0mProperty 'endsAt' 
does not exist on type '{ description: string; title: string; id: string; createdAt: Date; updatedAt: Date; status: 
MissionStatus; authorClientId: string; assigneeWorkerId: string | null; ... 12 more ...; workerProfileId: string | 
null; }'. Did you mean 'endAt'?

[7m495[0m         endsAt: mission.endsAt ? mission.endsAt.toISOString() : null,
[7m   [0m [91m                        ~~~~~~[0m
[96msrc/missions/missions.service.ts[0m:[93m495[0m:[93m42[0m - [91merror[0m[90m TS2551: [0mProperty 'endsAt' 
does not exist on type '{ description: string; title: string; id: string; createdAt: Date; updatedAt: Date; status: 
MissionStatus; authorClientId: string; assigneeWorkerId: string | null; ... 12 more ...; workerProfileId: string | 
null; }'. Did you mean 'endAt'?

[7m495[0m         endsAt: mission.endsAt ? mission.endsAt.toISOString() : null,
[7m   [0m [91m                                         ~~~~~~[0m
[96msrc/missions/missions.service.ts[0m:[93m497[0m:[93m29[0m - [91merror[0m[90m TS2339: [0mProperty 
'employerId' does not exist on type '{ description: string; title: string; id: string; createdAt: Date; updatedAt: 
Date; status: MissionStatus; authorClientId: string; assigneeWorkerId: string | null; ... 12 more ...; 
workerProfileId: string | null; }'.

[7m497[0m         employerId: mission.employerId,
[7m   [0m [91m                            ~~~~~~~~~~[0m
[96msrc/missions/missions.service.ts[0m:[93m498[0m:[93m31[0m - [91merror[0m[90m TS2339: [0mProperty 
'employer' does not exist on type '{ description: string; title: string; id: string; createdAt: Date; updatedAt: Date; 
status: MissionStatus; authorClientId: string; assigneeWorkerId: string | null; ... 12 more ...; workerProfileId: 
string | null; }'.

[7m498[0m         employerName: mission.employer?.user?.fullName ?? null,
[7m   [0m [91m                              ~~~~~~~~[0m
[96msrc/missions/missions.service.ts[0m:[93m499[0m:[93m29[0m - [91merror[0m[90m TS2339: [0mProperty 
'priceCents' does not exist on type '{ description: string; title: string; id: string; createdAt: Date; updatedAt: 
Date; status: MissionStatus; authorClientId: string; assigneeWorkerId: string | null; ... 12 more ...; 
workerProfileId: string | null; }'.

[7m499[0m         priceCents: mission.priceCents,
[7m   [0m [91m                            ~~~~~~~~~~[0m
[96msrc/missions/missions.service.ts[0m:[93m500[0m:[93m27[0m - [91merror[0m[90m TS2339: [0mProperty 
'currency' does not exist on type '{ description: string; title: string; id: string; createdAt: Date; updatedAt: Date; 
status: MissionStatus; authorClientId: string; assigneeWorkerId: string | null; ... 12 more ...; workerProfileId: 
string | null; }'.

[7m500[0m         currency: mission.currency,
[7m   [0m [91m                          ~~~~~~~~[0m
[96msrc/missions/missions.service.ts[0m:[93m559[0m:[93m11[0m - [91merror[0m[90m TS2739: [0mType '{ [x: 
number]: ("IN_PROGRESS" | "CANCELLED")[]; IN_PROGRESS: "COMPLETED"[]; COMPLETED: never[]; CANCELLED: never[]; }' is 
missing the following properties from type 'Record<MissionStatus, MissionStatus[]>': DRAFT, OPEN, MATCHED

[7m559[0m     const validTransitions: Record<MissionStatus, MissionStatus[]> = {
[7m   [0m [91m          ~~~~~~~~~~~~~~~~[0m
[96msrc/missions/missions.service.ts[0m:[93m560[0m:[93m22[0m - [91merror[0m[90m TS2339: [0mProperty 
'CREATED' does not exist on type '{ DRAFT: "DRAFT"; OPEN: "OPEN"; MATCHED: "MATCHED"; IN_PROGRESS: "IN_PROGRESS"; 
COMPLETED: "COMPLETED"; CANCELLED: "CANCELLED"; }'.

[7m560[0m       [MissionStatus.CREATED]: [MissionStatus.CANCELLED],
[7m   [0m [91m                     ~~~~~~~[0m
[96msrc/missions/missions.service.ts[0m:[93m561[0m:[93m22[0m - [91merror[0m[90m TS2339: [0mProperty 
'RESERVED' does not exist on type '{ DRAFT: "DRAFT"; OPEN: "OPEN"; MATCHED: "MATCHED"; IN_PROGRESS: "IN_PROGRESS"; 
COMPLETED: "COMPLETED"; CANCELLED: "CANCELLED"; }'.

[7m561[0m       [MissionStatus.RESERVED]: [
[7m   [0m [91m                     ~~~~~~~~[0m
[96msrc/missions/missions.service.ts[0m:[93m593[0m:[93m38[0m - [91merror[0m[90m TS2339: [0mProperty 'worker' 
does not exist on type 'PrismaService'.

[7m593[0m     const worker = await this.prisma.worker.findUnique({
[7m   [0m [91m                                     ~~~~~~[0m
[96msrc/missions/missions.service.ts[0m:[93m631[0m:[93m53[0m - [91merror[0m[90m TS2339: [0mProperty 
'toISOString' does not exist on type 'never'.

[7m631[0m       startsAt: mission.startsAt ? mission.startsAt.toISOString() : null,
[7m   [0m [91m                                                    ~~~~~~~~~~~[0m
[96msrc/missions/missions.service.ts[0m:[93m632[0m:[93m47[0m - [91merror[0m[90m TS2339: [0mProperty 
'toISOString' does not exist on type 'never'.

[7m632[0m       endsAt: mission.endsAt ? mission.endsAt.toISOString() : null,
[7m   [0m [91m                                              ~~~~~~~~~~~[0m
[96msrc/notifications/notifications.service.ts[0m:[93m2[0m:[93m10[0m - [91merror[0m[90m TS2724: 
[0m'"@prisma/client"' has no exported member named 'NotificationType'. Did you mean 'Notification'?

[7m2[0m import { NotificationType } from '@prisma/client';
[7m [0m [91m         ~~~~~~~~~~~~~~~~[0m
[96msrc/notifications/notifications.service.ts[0m:[93m38[0m:[93m9[0m - [91merror[0m[90m TS2353: [0mObject 
literal may only specify known properties, and 'missionId' does not exist in type 'Without<NotificationCreateInput, 
NotificationUncheckedCreateInput> & NotificationUncheckedCreateInput'.

[7m38[0m         missionId,
[7m  [0m [91m        ~~~~~~~~~[0m

  [96mnode_modules/.prisma/client/index.d.ts[0m:[93m8331[0m:[93m5[0m
    [7m8331[0m     data: XOR<NotificationCreateInput, NotificationUncheckedCreateInput>
    [7m    [0m [96m    ~~~~[0m
    The expected type comes from property 'data' which is declared here on type '{ select?: 
NotificationSelect<DefaultArgs> | null | undefined; omit?: NotificationOmit<DefaultArgs> | null | undefined; include?: 
NotificationInclude<...> | ... 1 more ... | undefined; data: (Without<...> & NotificationUncheckedCreateInput) | 
(Without<...> & NotificationCreateInput); }'
[96msrc/notifications/notifications.service.ts[0m:[93m57[0m:[93m9[0m - [91merror[0m[90m TS2353: [0mObject 
literal may only specify known properties, and 'missionId' does not exist in type 'Without<NotificationCreateInput, 
NotificationUncheckedCreateInput> & NotificationUncheckedCreateInput'.

[7m57[0m         missionId,
[7m  [0m [91m        ~~~~~~~~~[0m

  [96mnode_modules/.prisma/client/index.d.ts[0m:[93m8331[0m:[93m5[0m
    [7m8331[0m     data: XOR<NotificationCreateInput, NotificationUncheckedCreateInput>
    [7m    [0m [96m    ~~~~[0m
    The expected type comes from property 'data' which is declared here on type '{ select?: 
NotificationSelect<DefaultArgs> | null | undefined; omit?: NotificationOmit<DefaultArgs> | null | undefined; include?: 
NotificationInclude<...> | ... 1 more ... | undefined; data: (Without<...> & NotificationUncheckedCreateInput) | 
(Without<...> & NotificationCreateInput); }'
[96msrc/notifications/notifications.service.ts[0m:[93m76[0m:[93m9[0m - [91merror[0m[90m TS2353: [0mObject 
literal may only specify known properties, and 'missionId' does not exist in type 'Without<NotificationCreateInput, 
NotificationUncheckedCreateInput> & NotificationUncheckedCreateInput'.

[7m76[0m         missionId,
[7m  [0m [91m        ~~~~~~~~~[0m

  [96mnode_modules/.prisma/client/index.d.ts[0m:[93m8331[0m:[93m5[0m
    [7m8331[0m     data: XOR<NotificationCreateInput, NotificationUncheckedCreateInput>
    [7m    [0m [96m    ~~~~[0m
    The expected type comes from property 'data' which is declared here on type '{ select?: 
NotificationSelect<DefaultArgs> | null | undefined; omit?: NotificationOmit<DefaultArgs> | null | undefined; include?: 
NotificationInclude<...> | ... 1 more ... | undefined; data: (Without<...> & NotificationUncheckedCreateInput) | 
(Without<...> & NotificationCreateInput); }'
[96msrc/notifications/notifications.service.ts[0m:[93m95[0m:[93m9[0m - [91merror[0m[90m TS2353: [0mObject 
literal may only specify known properties, and 'mission' does not exist in type 'NotificationInclude<DefaultArgs>'.

[7m95[0m         mission: {
[7m  [0m [91m        ~~~~~~~[0m
[96msrc/notifications/notifications.service.ts[0m:[93m111[0m:[93m24[0m - [91merror[0m[90m TS2339: 
[0mProperty 'missionId' does not exist on type '{ type: string; id: string; createdAt: Date; payloadJSON: JsonValue; 
readAt: Date | null; userId: string; }'.

[7m111[0m       missionId: notif.missionId,
[7m   [0m [91m                       ~~~~~~~~~[0m
[96msrc/notifications/notifications.service.ts[0m:[93m112[0m:[93m24[0m - [91merror[0m[90m TS2339: 
[0mProperty 'messageId' does not exist on type '{ type: string; id: string; createdAt: Date; payloadJSON: JsonValue; 
readAt: Date | null; userId: string; }'.

[7m112[0m       messageId: notif.messageId ?? undefined,
[7m   [0m [91m                       ~~~~~~~~~[0m
[96msrc/notifications/notifications.service.ts[0m:[93m113[0m:[93m27[0m - [91merror[0m[90m TS2339: 
[0mProperty 'statusBefore' does not exist on type '{ type: string; id: string; createdAt: Date; payloadJSON: 
JsonValue; readAt: Date | null; userId: string; }'.

[7m113[0m       statusBefore: notif.statusBefore ?? undefined,
[7m   [0m [91m                          ~~~~~~~~~~~~[0m
[96msrc/notifications/notifications.service.ts[0m:[93m114[0m:[93m26[0m - [91merror[0m[90m TS2339: 
[0mProperty 'statusAfter' does not exist on type '{ type: string; id: string; createdAt: Date; payloadJSON: 
JsonValue; readAt: Date | null; userId: string; }'.

[7m114[0m       statusAfter: notif.statusAfter ?? undefined,
[7m   [0m [91m                         ~~~~~~~~~~~[0m
[96msrc/notifications/notifications.service.ts[0m:[93m115[0m:[93m21[0m - [91merror[0m[90m TS2339: 
[0mProperty 'isRead' does not exist on type '{ type: string; id: string; createdAt: Date; payloadJSON: JsonValue; 
readAt: Date | null; userId: string; }'.

[7m115[0m       isRead: notif.isRead,
[7m   [0m [91m                    ~~~~~~[0m
[96msrc/notifications/notifications.service.ts[0m:[93m118[0m:[93m22[0m - [91merror[0m[90m TS2339: 
[0mProperty 'mission' does not exist on type '{ type: string; id: string; createdAt: Date; payloadJSON: JsonValue; 
readAt: Date | null; userId: string; }'.

[7m118[0m       mission: notif.mission,
[7m   [0m [91m                     ~~~~~~~[0m
[96msrc/notifications/notifications.service.ts[0m:[93m138[0m:[93m9[0m - [91merror[0m[90m TS2353: [0mObject 
literal may only specify known properties, and 'isRead' does not exist in type '(Without<NotificationUpdateInput, 
NotificationUncheckedUpdateInput> & NotificationUncheckedUpdateInput) | (Without<...> & NotificationUpdateInput)'.

[7m138[0m         isRead: true,
[7m   [0m [91m        ~~~~~~[0m

  [96mnode_modules/.prisma/client/index.d.ts[0m:[93m8387[0m:[93m5[0m
    [7m8387[0m     data: XOR<NotificationUpdateInput, NotificationUncheckedUpdateInput>
    [7m    [0m [96m    ~~~~[0m
    The expected type comes from property 'data' which is declared here on type '{ select?: 
NotificationSelect<DefaultArgs> | null | undefined; omit?: NotificationOmit<DefaultArgs> | null | undefined; include?: 
NotificationInclude<...> | ... 1 more ... | undefined; data: (Without<...> & NotificationUncheckedUpdateInput) | 
(Without<...> & NotificationUpdateInput); where: NotificationWhereUniqueIn...'
[96msrc/notifications/notifications.service.ts[0m:[93m151[0m:[93m9[0m - [91merror[0m[90m TS2353: [0mObject 
literal may only specify known properties, and 'isRead' does not exist in type 'NotificationWhereInput'.

[7m151[0m         isRead: false,
[7m   [0m [91m        ~~~~~~[0m

  [96mnode_modules/.prisma/client/index.d.ts[0m:[93m8405[0m:[93m5[0m
    [7m8405[0m     where?: NotificationWhereInput
    [7m    [0m [96m    ~~~~~[0m
    The expected type comes from property 'where' which is declared here on type '{ data: 
(Without<NotificationUpdateManyMutationInput, NotificationUncheckedUpdateManyInput> & 
NotificationUncheckedUpdateManyInput) | (Without<...> & NotificationUpdateManyMutationInput); where?: 
NotificationWhereInput | undefined; limit?: number | undefined; }'
[96msrc/notifications/notifications.service.ts[0m:[93m154[0m:[93m9[0m - [91merror[0m[90m TS2353: [0mObject 
literal may only specify known properties, and 'isRead' does not exist in type 
'(Without<NotificationUpdateManyMutationInput, NotificationUncheckedUpdateManyInput> & 
NotificationUncheckedUpdateManyInput) | (Without<...> & NotificationUpdateManyMutationInput)'.

[7m154[0m         isRead: true,
[7m   [0m [91m        ~~~~~~[0m

  [96mnode_modules/.prisma/client/index.d.ts[0m:[93m8401[0m:[93m5[0m
    [7m8401[0m     data: XOR<NotificationUpdateManyMutationInput, NotificationUncheckedUpdateManyInput>
    [7m    [0m [96m    ~~~~[0m
    The expected type comes from property 'data' which is declared here on type '{ data: 
(Without<NotificationUpdateManyMutationInput, NotificationUncheckedUpdateManyInput> & 
NotificationUncheckedUpdateManyInput) | (Without<...> & NotificationUpdateManyMutationInput); where?: 
NotificationWhereInput | undefined; limit?: number | undefined; }'
[96msrc/notifications/notifications.service.ts[0m:[93m169[0m:[93m9[0m - [91merror[0m[90m TS2353: [0mObject 
literal may only specify known properties, and 'isRead' does not exist in type 'NotificationWhereInput'.

[7m169[0m         isRead: false,
[7m   [0m [91m        ~~~~~~[0m
[96msrc/payments/payments.service.ts[0m:[93m52[0m:[93m9[0m - [91merror[0m[90m TS2353: [0mObject literal may 
only specify known properties, and 'employer' does not exist in type 'MissionInclude<DefaultArgs>'.

[7m52[0m         employer: true,
[7m  [0m [91m        ~~~~~~~~[0m

  [96mnode_modules/.prisma/client/index.d.ts[0m:[93m5732[0m:[93m5[0m
    [7m5732[0m     include?: MissionInclude<ExtArgs> | null
    [7m    [0m [96m    ~~~~~~~[0m
    The expected type comes from property 'include' which is declared here on type '{ select?: 
MissionSelect<DefaultArgs> | null | undefined; omit?: MissionOmit<DefaultArgs> | null | undefined; include?: 
MissionInclude<...> | ... 1 more ... | undefined; where: MissionWhereUniqueInput; }'
[96msrc/payments/payments.service.ts[0m:[93m66[0m:[93m17[0m - [91merror[0m[90m TS2339: [0mProperty 
'employer' does not exist on type '{ description: string; title: string; id: string; createdAt: Date; updatedAt: Date; 
status: MissionStatus; authorClientId: string; assigneeWorkerId: string | null; ... 12 more ...; workerProfileId: 
string | null; }'.

[7m66[0m     if (mission.employer.userId !== employerId) {
[7m  [0m [91m                ~~~~~~~~[0m
[96msrc/payments/payments.service.ts[0m:[93m73[0m:[93m17[0m - [91merror[0m[90m TS2339: [0mProperty 
'payments' does not exist on type '{ description: string; title: string; id: string; createdAt: Date; updatedAt: Date; 
status: MissionStatus; authorClientId: string; assigneeWorkerId: string | null; ... 12 more ...; workerProfileId: 
string | null; }'.

[7m73[0m     if (mission.payments.length > 0) {
[7m  [0m [91m                ~~~~~~~~[0m
[96msrc/payments/payments.service.ts[0m:[93m81[0m:[93m31[0m - [91merror[0m[90m TS2339: [0mProperty 'PENDING' 
does not exist on type '{ REQUIRES_ACTION: "REQUIRES_ACTION"; SUCCEEDED: "SUCCEEDED"; REFUNDED: "REFUNDED"; DISPUTED: 
"DISPUTED"; }'.

[7m81[0m         status: PaymentStatus.PENDING,
[7m  [0m [91m                              ~~~~~~~[0m
[96msrc/payments/payments.service.ts[0m:[93m107[0m:[93m23[0m - [91merror[0m[90m TS2339: [0mProperty 
'priceCents' does not exist on type '{ description: string; title: string; id: string; createdAt: Date; updatedAt: 
Date; status: MissionStatus; authorClientId: string; assigneeWorkerId: string | null; ... 12 more ...; 
workerProfileId: string | null; }'.

[7m107[0m       amount: mission.priceCents,
[7m   [0m [91m                      ~~~~~~~~~~[0m
[96msrc/payments/payments.service.ts[0m:[93m108[0m:[93m25[0m - [91merror[0m[90m TS2339: [0mProperty 
'currency' does not exist on type '{ description: string; title: string; id: string; createdAt: Date; updatedAt: Date; 
status: MissionStatus; authorClientId: string; assigneeWorkerId: string | null; ... 12 more ...; workerProfileId: 
string | null; }'.

[7m108[0m       currency: mission.currency.toLowerCase(),
[7m   [0m [91m                        ~~~~~~~~[0m
[96msrc/payments/payments.service.ts[0m:[93m111[0m:[93m29[0m - [91merror[0m[90m TS2339: [0mProperty 
'employer' does not exist on type '{ description: string; title: string; id: string; createdAt: Date; updatedAt: Date; 
status: MissionStatus; authorClientId: string; assigneeWorkerId: string | null; ... 12 more ...; workerProfileId: 
string | null; }'.

[7m111[0m         employerId: mission.employer.id,
[7m   [0m [91m                            ~~~~~~~~[0m
[96msrc/payments/payments.service.ts[0m:[93m121[0m:[93m40[0m - [91merror[0m[90m TS2339: [0mProperty 
'priceCents' does not exist on type '{ description: string; title: string; id: string; createdAt: Date; updatedAt: 
Date; status: MissionStatus; authorClientId: string; assigneeWorkerId: string | null; ... 12 more ...; 
workerProfileId: string | null; }'.

[7m121[0m     const feeCents = Math.ceil(mission.priceCents * 0.12); // 12% de frais
[7m   [0m [91m                                       ~~~~~~~~~~[0m
[96msrc/payments/payments.service.ts[0m:[93m126[0m:[93m9[0m - [91merror[0m[90m TS2353: [0mObject literal may 
only specify known properties, and 'amountCents' does not exist in type 'Without<PaymentCreateInput, 
PaymentUncheckedCreateInput> & PaymentUncheckedCreateInput'.

[7m126[0m         amountCents: mission.priceCents,
[7m   [0m [91m        ~~~~~~~~~~~[0m

  [96mnode_modules/.prisma/client/index.d.ts[0m:[93m7264[0m:[93m5[0m
    [7m7264[0m     data: XOR<PaymentCreateInput, PaymentUncheckedCreateInput>
    [7m    [0m [96m    ~~~~[0m
    The expected type comes from property 'data' which is declared here on type '{ select?: PaymentSelect<DefaultArgs> 
| null | undefined; omit?: PaymentOmit<DefaultArgs> | null | undefined; include?: PaymentInclude<...> | ... 1 more ... 
| undefined; data: (Without<...> & PaymentUncheckedCreateInput) | (Without<...> & PaymentCreateInput); }'
[96msrc/payments/payments.service.ts[0m:[93m126[0m:[93m30[0m - [91merror[0m[90m TS2339: [0mProperty 
'priceCents' does not exist on type '{ description: string; title: string; id: string; createdAt: Date; updatedAt: 
Date; status: MissionStatus; authorClientId: string; assigneeWorkerId: string | null; ... 12 more ...; 
workerProfileId: string | null; }'.

[7m126[0m         amountCents: mission.priceCents,
[7m   [0m [91m                             ~~~~~~~~~~[0m
[96msrc/payments/payments.service.ts[0m:[93m128[0m:[93m27[0m - [91merror[0m[90m TS2339: [0mProperty 
'currency' does not exist on type '{ description: string; title: string; id: string; createdAt: Date; updatedAt: Date; 
status: MissionStatus; authorClientId: string; assigneeWorkerId: string | null; ... 12 more ...; workerProfileId: 
string | null; }'.

[7m128[0m         currency: mission.currency,
[7m   [0m [91m                          ~~~~~~~~[0m
[96msrc/payments/payments.service.ts[0m:[93m129[0m:[93m31[0m - [91merror[0m[90m TS2339: [0mProperty 
'PENDING' does not exist on type '{ REQUIRES_ACTION: "REQUIRES_ACTION"; SUCCEEDED: "SUCCEEDED"; REFUNDED: "REFUNDED"; 
DISPUTED: "DISPUTED"; }'.

[7m129[0m         status: PaymentStatus.PENDING,
[7m   [0m [91m                              ~~~~~~~[0m
[96msrc/payments/payments.service.ts[0m:[93m191[0m:[93m31[0m - [91merror[0m[90m TS2339: [0mProperty 
'PENDING' does not exist on type '{ REQUIRES_ACTION: "REQUIRES_ACTION"; SUCCEEDED: "SUCCEEDED"; REFUNDED: "REFUNDED"; 
DISPUTED: "DISPUTED"; }'.

[7m191[0m         status: PaymentStatus.PENDING,
[7m   [0m [91m                              ~~~~~~~[0m
[96msrc/payments/payments.service.ts[0m:[93m216[0m:[93m31[0m - [91merror[0m[90m TS2339: [0mProperty 
'PENDING' does not exist on type '{ REQUIRES_ACTION: "REQUIRES_ACTION"; SUCCEEDED: "SUCCEEDED"; REFUNDED: "REFUNDED"; 
DISPUTED: "DISPUTED"; }'.

[7m216[0m         status: PaymentStatus.PENDING,
[7m   [0m [91m                              ~~~~~~~[0m
[96msrc/payments/payments.service.ts[0m:[93m219[0m:[93m31[0m - [91merror[0m[90m TS2339: [0mProperty 'FAILED' 
does not exist on type '{ REQUIRES_ACTION: "REQUIRES_ACTION"; SUCCEEDED: "SUCCEEDED"; REFUNDED: "REFUNDED"; DISPUTED: 
"DISPUTED"; }'.

[7m219[0m         status: PaymentStatus.FAILED,
[7m   [0m [91m                              ~~~~~~[0m
[96msrc/payments/payments.service.ts[0m:[93m243[0m:[93m31[0m - [91merror[0m[90m TS2339: [0mProperty 
'PENDING' does not exist on type '{ REQUIRES_ACTION: "REQUIRES_ACTION"; SUCCEEDED: "SUCCEEDED"; REFUNDED: "REFUNDED"; 
DISPUTED: "DISPUTED"; }'.

[7m243[0m         status: PaymentStatus.PENDING,
[7m   [0m [91m                              ~~~~~~~[0m
[96msrc/payments/payments.service.ts[0m:[93m285[0m:[93m43[0m - [91merror[0m[90m TS2339: [0mProperty 'FAILED' 
does not exist on type '{ REQUIRES_ACTION: "REQUIRES_ACTION"; SUCCEEDED: "SUCCEEDED"; REFUNDED: "REFUNDED"; DISPUTED: 
"DISPUTED"; }'.

[7m285[0m             data: { status: PaymentStatus.FAILED },
[7m   [0m [91m                                          ~~~~~~[0m
[96msrc/profile/profile.service.ts[0m:[93m10[0m:[93m3[0m - [91merror[0m[90m TS2353: [0mObject literal may 
only specify known properties, and 'email' does not exist in type 'UserSelect<DefaultArgs>'.

[7m10[0m   email: true,
[7m  [0m [91m  ~~~~~[0m
[96msrc/profile/profile.service.ts[0m:[93m76[0m:[93m20[0m - [91merror[0m[90m TS2339: [0mProperty 'role' does 
not exist on type 'UserUpdateInput'.

[7m76[0m         updateData.role = mappedRole;
[7m  [0m [91m                   ~~~~[0m
[96msrc/profile/profile.service.ts[0m:[93m77[0m:[93m20[0m - [91merror[0m[90m TS2339: [0mProperty 
'primaryRole' does not exist on type 'UserUpdateInput'.

[7m77[0m         updateData.primaryRole = mappedRole;
[7m  [0m [91m                   ~~~~~~~~~~~[0m
[96msrc/profile/profile.service.ts[0m:[93m80[0m:[93m20[0m - [91merror[0m[90m TS2339: [0mProperty 'fullName' 
does not exist on type 'UserUpdateInput'.

[7m80[0m         updateData.fullName = dto.fullName;
[7m  [0m [91m                   ~~~~~~~~[0m
[96msrc/profile/profile.service.ts[0m:[93m83[0m:[93m20[0m - [91merror[0m[90m TS2339: [0mProperty 'phone' 
does not exist on type 'UserUpdateInput'.

[7m83[0m         updateData.phone = dto.phone;
[7m  [0m [91m                   ~~~~~[0m
[96msrc/profile/profile.service.ts[0m:[93m86[0m:[93m20[0m - [91merror[0m[90m TS2339: [0mProperty 'city' does 
not exist on type 'UserUpdateInput'.

[7m86[0m         updateData.city = dto.city;
[7m  [0m [91m                   ~~~~[0m
[96msrc/profile/profile.service.ts[0m:[93m110[0m:[93m30[0m - [91merror[0m[90m TS2339: [0mProperty 'ADMIN' 
does not exist on type '{ WORKER: "WORKER"; EMPLOYER: "EMPLOYER"; RESIDENTIAL: "RESIDENTIAL"; }'.

[7m110[0m       user.role === UserRole.ADMIN ||
[7m   [0m [91m                             ~~~~~[0m
[96msrc/profile/profile.service.ts[0m:[93m228[0m:[93m25[0m - [91merror[0m[90m TS2339: [0mProperty 'ADMIN' 
does not exist on type '{ WORKER: "WORKER"; EMPLOYER: "EMPLOYER"; RESIDENTIAL: "RESIDENTIAL"; }'.

[7m228[0m         return UserRole.ADMIN;
[7m   [0m [91m                        ~~~~~[0m
[96msrc/profile/profile.service.ts[0m:[93m240[0m:[93m21[0m - [91merror[0m[90m TS2339: [0mProperty 'ADMIN' 
does not exist on type '{ WORKER: "WORKER"; EMPLOYER: "EMPLOYER"; RESIDENTIAL: "RESIDENTIAL"; }'.

[7m240[0m       case UserRole.ADMIN:
[7m   [0m [91m                    ~~~~~[0m
[96msrc/stripe/stripe.service.ts[0m:[93m10[0m:[93m25[0m - [91merror[0m[90m TS2724: [0m'"@prisma/client"' has 
no exported member named 'NotificationType'. Did you mean 'Notification'?

[7m10[0m import { PaymentStatus, NotificationType } from '@prisma/client';
[7m  [0m [91m                        ~~~~~~~~~~~~~~~~[0m
[96msrc/stripe/stripe.service.ts[0m:[93m77[0m:[93m18[0m - [91merror[0m[90m TS2353: [0mObject literal may 
only specify known properties, and 'worker' does not exist in type 'UserInclude<DefaultArgs>'.

[7m77[0m       include: { worker: true },
[7m  [0m [91m                 ~~~~~~[0m

  [96mnode_modules/.prisma/client/index.d.ts[0m:[93m4076[0m:[93m5[0m
    [7m4076[0m     include?: UserInclude<ExtArgs> | null
    [7m    [0m [96m    ~~~~~~~[0m
    The expected type comes from property 'include' which is declared here on type '{ select?: UserSelect<DefaultArgs> 
| null | undefined; omit?: UserOmit<DefaultArgs> | null | undefined; include?: UserInclude<DefaultArgs> | null | 
undefined; where: UserWhereUniqueInput; }'
[96msrc/stripe/stripe.service.ts[0m:[93m80[0m:[93m24[0m - [91merror[0m[90m TS2339: [0mProperty 'worker' does 
not exist on type '{ id: string; clerkId: string; createdAt: Date; updatedAt: Date; }'.

[7m80[0m     if (!user || !user.worker) {
[7m  [0m [91m                       ~~~~~~[0m
[96msrc/stripe/stripe.service.ts[0m:[93m84[0m:[93m26[0m - [91merror[0m[90m TS2339: [0mProperty 
'stripeAccountId' does not exist on type '{ id: string; clerkId: string; createdAt: Date; updatedAt: Date; }'.

[7m84[0m     let accountId = user.stripeAccountId;
[7m  [0m [91m                         ~~~~~~~~~~~~~~~[0m
[96msrc/stripe/stripe.service.ts[0m:[93m91[0m:[93m21[0m - [91merror[0m[90m TS2339: [0mProperty 'email' does 
not exist on type '{ id: string; clerkId: string; createdAt: Date; updatedAt: Date; }'.

[7m91[0m         email: user.email,
[7m  [0m [91m                    ~~~~~[0m
[96msrc/stripe/stripe.service.ts[0m:[93m109[0m:[93m17[0m - [91merror[0m[90m TS2353: [0mObject literal may 
only specify known properties, and 'stripeAccountId' does not exist in type '(Without<UserUpdateInput, 
UserUncheckedUpdateInput> & UserUncheckedUpdateInput) | (Without<...> & UserUpdateInput)'.

[7m109[0m         data: { stripeAccountId: accountId },
[7m   [0m [91m                ~~~~~~~~~~~~~~~[0m

  [96mnode_modules/.prisma/client/index.d.ts[0m:[93m4327[0m:[93m5[0m
    [7m4327[0m     data: XOR<UserUpdateInput, UserUncheckedUpdateInput>
    [7m    [0m [96m    ~~~~[0m
    The expected type comes from property 'data' which is declared here on type '{ select?: UserSelect<DefaultArgs> | 
null | undefined; omit?: UserOmit<DefaultArgs> | null | undefined; include?: UserInclude<DefaultArgs> | null | 
undefined; data: (Without<...> & UserUncheckedUpdateInput) | (Without<...> & UserUpdateInput); where: 
UserWhereUniqueInput; }'
[96msrc/stripe/stripe.service.ts[0m:[93m144[0m:[93m24[0m - [91merror[0m[90m TS2339: [0mProperty 
'stripeAccountId' does not exist on type '{ id: string; clerkId: string; createdAt: Date; updatedAt: Date; }'.

[7m144[0m     if (!user || !user.stripeAccountId) {
[7m   [0m [91m                       ~~~~~~~~~~~~~~~[0m
[96msrc/stripe/stripe.service.ts[0m:[93m153[0m:[93m62[0m - [91merror[0m[90m TS2339: [0mProperty 
'stripeAccountId' does not exist on type '{ id: string; clerkId: string; createdAt: Date; updatedAt: Date; }'.

[7m153[0m     const account = await this.stripe.accounts.retrieve(user.stripeAccountId);
[7m   [0m [91m                                                             ~~~~~~~~~~~~~~~[0m
[96msrc/stripe/stripe.service.ts[0m:[93m161[0m:[93m28[0m - [91merror[0m[90m TS2339: [0mProperty 
'stripeOnboarded' does not exist on type '{ id: string; clerkId: string; createdAt: Date; updatedAt: Date; }'.

[7m161[0m     if (onboarded !== user.stripeOnboarded) {
[7m   [0m [91m                           ~~~~~~~~~~~~~~~[0m
[96msrc/stripe/stripe.service.ts[0m:[93m164[0m:[93m17[0m - [91merror[0m[90m TS2353: [0mObject literal may 
only specify known properties, and 'stripeOnboarded' does not exist in type '(Without<UserUpdateInput, 
UserUncheckedUpdateInput> & UserUncheckedUpdateInput) | (Without<...> & UserUpdateInput)'.

[7m164[0m         data: { stripeOnboarded: onboarded },
[7m   [0m [91m                ~~~~~~~~~~~~~~~[0m

  [96mnode_modules/.prisma/client/index.d.ts[0m:[93m4327[0m:[93m5[0m
    [7m4327[0m     data: XOR<UserUpdateInput, UserUncheckedUpdateInput>
    [7m    [0m [96m    ~~~~[0m
    The expected type comes from property 'data' which is declared here on type '{ select?: UserSelect<DefaultArgs> | 
null | undefined; omit?: UserOmit<DefaultArgs> | null | undefined; include?: UserInclude<DefaultArgs> | null | 
undefined; data: (Without<...> & UserUncheckedUpdateInput) | (Without<...> & UserUpdateInput); where: 
UserWhereUniqueInput; }'
[96msrc/stripe/stripe.service.ts[0m:[93m190[0m:[93m40[0m - [91merror[0m[90m TS2339: [0mProperty 'employer' 
does not exist on type 'PrismaService'.

[7m190[0m     const employer = await this.prisma.employer.findUnique({
[7m   [0m [91m                                       ~~~~~~~~[0m
[96msrc/stripe/stripe.service.ts[0m:[93m202[0m:[93m9[0m - [91merror[0m[90m TS2353: [0mObject literal may 
only specify known properties, and 'worker' does not exist in type 'MissionInclude<DefaultArgs>'.

[7m202[0m         worker: {
[7m   [0m [91m        ~~~~~~[0m

  [96mnode_modules/.prisma/client/index.d.ts[0m:[93m5732[0m:[93m5[0m
    [7m5732[0m     include?: MissionInclude<ExtArgs> | null
    [7m    [0m [96m    ~~~~~~~[0m
    The expected type comes from property 'include' which is declared here on type '{ select?: 
MissionSelect<DefaultArgs> | null | undefined; omit?: MissionOmit<DefaultArgs> | null | undefined; include?: 
MissionInclude<...> | ... 1 more ... | undefined; where: MissionWhereUniqueInput; }'
[96msrc/stripe/stripe.service.ts[0m:[93m214[0m:[93m17[0m - [91merror[0m[90m TS2339: [0mProperty 'employerId' 
does not exist on type '{ description: string; title: string; id: string; createdAt: Date; updatedAt: Date; status: 
MissionStatus; authorClientId: string; assigneeWorkerId: string | null; ... 12 more ...; workerProfileId: string | 
null; }'.

[7m214[0m     if (mission.employerId !== employer.id) {
[7m   [0m [91m                ~~~~~~~~~~[0m
[96msrc/stripe/stripe.service.ts[0m:[93m226[0m:[93m18[0m - [91merror[0m[90m TS2339: [0mProperty 'worker' 
does not exist on type '{ description: string; title: string; id: string; createdAt: Date; updatedAt: Date; status: 
MissionStatus; authorClientId: string; assigneeWorkerId: string | null; ... 12 more ...; workerProfileId: string | 
null; }'.

[7m226[0m     if (!mission.worker) {
[7m   [0m [91m                 ~~~~~~[0m
[96msrc/stripe/stripe.service.ts[0m:[93m230[0m:[93m43[0m - [91merror[0m[90m TS2339: [0mProperty 'worker' 
does not exist on type '{ description: string; title: string; id: string; createdAt: Date; updatedAt: Date; status: 
MissionStatus; authorClientId: string; assigneeWorkerId: string | null; ... 12 more ...; workerProfileId: string | 
null; }'.

[7m230[0m     const workerStripeAccountId = mission.worker.user.stripeAccountId;
[7m   [0m [91m                                          ~~~~~~[0m
[96msrc/stripe/stripe.service.ts[0m:[93m239[0m:[93m15[0m - [91merror[0m[90m TS2339: [0mProperty 'worker' 
does not exist on type '{ description: string; title: string; id: string; createdAt: Date; updatedAt: Date; status: 
MissionStatus; authorClientId: string; assigneeWorkerId: string | null; ... 12 more ...; workerProfileId: string | 
null; }'.

[7m239[0m       mission.worker.user.id,
[7m   [0m [91m              ~~~~~~[0m
[96msrc/stripe/stripe.service.ts[0m:[93m261[0m:[93m27[0m - [91merror[0m[90m TS2339: [0mProperty 'worker' 
does not exist on type '{ description: string; title: string; id: string; createdAt: Date; updatedAt: Date; status: 
MissionStatus; authorClientId: string; assigneeWorkerId: string | null; ... 12 more ...; workerProfileId: string | 
null; }'.

[7m261[0m         workerId: mission.worker.id,
[7m   [0m [91m                          ~~~~~~[0m
[96msrc/stripe/stripe.service.ts[0m:[93m272[0m:[93m9[0m - [91merror[0m[90m TS2353: [0mObject literal may 
only specify known properties, and 'amountCents' does not exist in type 'Without<PaymentCreateInput, 
PaymentUncheckedCreateInput> & PaymentUncheckedCreateInput'.

[7m272[0m         amountCents,
[7m   [0m [91m        ~~~~~~~~~~~[0m

  [96mnode_modules/.prisma/client/index.d.ts[0m:[93m7264[0m:[93m5[0m
    [7m7264[0m     data: XOR<PaymentCreateInput, PaymentUncheckedCreateInput>
    [7m    [0m [96m    ~~~~[0m
    The expected type comes from property 'data' which is declared here on type '{ select?: PaymentSelect<DefaultArgs> 
| null | undefined; omit?: PaymentOmit<DefaultArgs> | null | undefined; include?: PaymentInclude<...> | ... 1 more ... 
| undefined; data: (Without<...> & PaymentUncheckedCreateInput) | (Without<...> & PaymentCreateInput); }'
[96msrc/stripe/stripe.service.ts[0m:[93m275[0m:[93m31[0m - [91merror[0m[90m TS2339: [0mProperty 'PENDING' 
does not exist on type '{ REQUIRES_ACTION: "REQUIRES_ACTION"; SUCCEEDED: "SUCCEEDED"; REFUNDED: "REFUNDED"; DISPUTED: 
"DISPUTED"; }'.

[7m275[0m         status: PaymentStatus.PENDING,
[7m   [0m [91m                              ~~~~~~~[0m
[96msrc/stripe/stripe.service.ts[0m:[93m321[0m:[93m45[0m - [91merror[0m[90m TS2339: [0mProperty 
'webhookEvent' does not exist on type 'PrismaService'.

[7m321[0m     const existingEvent = await this.prisma.webhookEvent.findUnique({
[7m   [0m [91m                                            ~~~~~~~~~~~~[0m
[96msrc/stripe/stripe.service.ts[0m:[93m331[0m:[93m23[0m - [91merror[0m[90m TS2339: [0mProperty 
'webhookEvent' does not exist on type 'PrismaService'.

[7m331[0m     await this.prisma.webhookEvent.upsert({
[7m   [0m [91m                      ~~~~~~~~~~~~[0m
[96msrc/stripe/stripe.service.ts[0m:[93m364[0m:[93m23[0m - [91merror[0m[90m TS2339: [0mProperty 
'webhookEvent' does not exist on type 'PrismaService'.

[7m364[0m     await this.prisma.webhookEvent.update({
[7m   [0m [91m                      ~~~~~~~~~~~~[0m
[96msrc/stripe/stripe.service.ts[0m:[93m383[0m:[93m13[0m - [91merror[0m[90m TS2353: [0mObject literal may 
only specify known properties, and 'worker' does not exist in type 'MissionInclude<DefaultArgs>'.

[7m383[0m             worker: { include: { user: true } },
[7m   [0m [91m            ~~~~~~[0m
[96msrc/stripe/stripe.service.ts[0m:[93m411[0m:[93m17[0m - [91merror[0m[90m TS2551: [0mProperty 'mission' 
does not exist on type '{ id: string; createdAt: Date; updatedAt: Date; status: PaymentStatus; missionId: string; 
currency: string; stripePaymentIntentId: string | null; stripeConnectAccountId: string | null; amount: number; 
platformFeePct: number; }'. Did you mean 'missionId'?

[7m411[0m     if (payment.mission.worker) {
[7m   [0m [91m                ~~~~~~~[0m
[96msrc/stripe/stripe.service.ts[0m:[93m413[0m:[93m17[0m - [91merror[0m[90m TS2551: [0mProperty 'mission' 
does not exist on type '{ id: string; createdAt: Date; updatedAt: Date; status: PaymentStatus; missionId: string; 
currency: string; stripePaymentIntentId: string | null; stripeConnectAccountId: string | null; amount: number; 
platformFeePct: number; }'. Did you mean 'missionId'?

[7m413[0m         payment.mission.id,
[7m   [0m [91m                ~~~~~~~[0m
[96msrc/stripe/stripe.service.ts[0m:[93m416[0m:[93m17[0m - [91merror[0m[90m TS2551: [0mProperty 'mission' 
does not exist on type '{ id: string; createdAt: Date; updatedAt: Date; status: PaymentStatus; missionId: string; 
currency: string; stripePaymentIntentId: string | null; stripeConnectAccountId: string | null; amount: number; 
platformFeePct: number; }'. Did you mean 'missionId'?

[7m416[0m         payment.mission.worker.user.id,
[7m   [0m [91m                ~~~~~~~[0m
[96msrc/stripe/stripe.service.ts[0m:[93m421[0m:[93m17[0m - [91merror[0m[90m TS2551: [0mProperty 'mission' 
does not exist on type '{ id: string; createdAt: Date; updatedAt: Date; status: PaymentStatus; missionId: string; 
currency: string; stripePaymentIntentId: string | null; stripeConnectAccountId: string | null; amount: number; 
platformFeePct: number; }'. Did you mean 'missionId'?

[7m421[0m     if (payment.mission.employer) {
[7m   [0m [91m                ~~~~~~~[0m
[96msrc/stripe/stripe.service.ts[0m:[93m423[0m:[93m17[0m - [91merror[0m[90m TS2551: [0mProperty 'mission' 
does not exist on type '{ id: string; createdAt: Date; updatedAt: Date; status: PaymentStatus; missionId: string; 
currency: string; stripePaymentIntentId: string | null; stripeConnectAccountId: string | null; amount: number; 
platformFeePct: number; }'. Did you mean 'missionId'?

[7m423[0m         payment.mission.id,
[7m   [0m [91m                ~~~~~~~[0m
[96msrc/stripe/stripe.service.ts[0m:[93m426[0m:[93m17[0m - [91merror[0m[90m TS2551: [0mProperty 'mission' 
does not exist on type '{ id: string; createdAt: Date; updatedAt: Date; status: PaymentStatus; missionId: string; 
currency: string; stripePaymentIntentId: string | null; stripeConnectAccountId: string | null; amount: number; 
platformFeePct: number; }'. Did you mean 'missionId'?

[7m426[0m         payment.mission.employer.user.id,
[7m   [0m [91m                ~~~~~~~[0m
[96msrc/stripe/stripe.service.ts[0m:[93m447[0m:[93m37[0m - [91merror[0m[90m TS2339: [0mProperty 'FAILED' 
does not exist on type '{ REQUIRES_ACTION: "REQUIRES_ACTION"; SUCCEEDED: "SUCCEEDED"; REFUNDED: "REFUNDED"; DISPUTED: 
"DISPUTED"; }'.

[7m447[0m       data: { status: PaymentStatus.FAILED },
Found 214 error(s).

[7m   [0m [91m                                    ~~~~~~[0m
[96msrc/stripe/stripe.service.ts[0m:[93m460[0m:[93m16[0m - [91merror[0m[90m TS2353: [0mObject literal may 
only specify known properties, and 'stripeAccountId' does not exist in type 'UserWhereInput'.

[7m460[0m       where: { stripeAccountId: account.id },
[7m   [0m [91m               ~~~~~~~~~~~~~~~[0m
[96msrc/stripe/stripe.service.ts[0m:[93m472[0m:[93m28[0m - [91merror[0m[90m TS2339: [0mProperty 
'stripeOnboarded' does not exist on type '{ id: string; clerkId: string; createdAt: Date; updatedAt: Date; }'.

[7m472[0m     if (onboarded !== user.stripeOnboarded) {
[7m   [0m [91m                           ~~~~~~~~~~~~~~~[0m
[96msrc/stripe/stripe.service.ts[0m:[93m475[0m:[93m17[0m - [91merror[0m[90m TS2353: [0mObject literal may 
only specify known properties, and 'stripeOnboarded' does not exist in type '(Without<UserUpdateInput, 
UserUncheckedUpdateInput> & UserUncheckedUpdateInput) | (Without<...> & UserUpdateInput)'.

[7m475[0m         data: { stripeOnboarded: onboarded },
[7m   [0m [91m                ~~~~~~~~~~~~~~~[0m

  [96mnode_modules/.prisma/client/index.d.ts[0m:[93m4327[0m:[93m5[0m
    [7m4327[0m     data: XOR<UserUpdateInput, UserUncheckedUpdateInput>
    [7m    [0m [96m    ~~~~[0m
    The expected type comes from property 'data' which is declared here on type '{ select?: UserSelect<DefaultArgs> | 
null | undefined; omit?: UserOmit<DefaultArgs> | null | undefined; include?: UserInclude<DefaultArgs> | null | 
undefined; data: (Without<...> & UserUncheckedUpdateInput) | (Without<...> & UserUpdateInput); where: 
UserWhereUniqueInput; }'
[96msrc/stripe/stripe.service.ts[0m:[93m488[0m:[93m38[0m - [91merror[0m[90m TS2339: [0mProperty 'worker' 
does not exist on type 'PrismaService'.

[7m488[0m     const worker = await this.prisma.worker.findUnique({
[7m   [0m [91m                                     ~~~~~~[0m
[96msrc/stripe/stripe.service.ts[0m:[93m499[0m:[93m11[0m - [91merror[0m[90m TS2353: [0mObject literal may 
only specify known properties, and 'workerId' does not exist in type '(Without<MissionScalarRelationFilter, 
MissionWhereInput> & MissionWhereInput) | (Without<MissionWhereInput, MissionScalarRelationFilter> & 
MissionScalarRelationFilter)'.

[7m499[0m           workerId: worker.id,
[7m   [0m [91m          ~~~~~~~~[0m
[96msrc/stripe/stripe.service.ts[0m:[93m507[0m:[93m13[0m - [91merror[0m[90m TS2561: [0mObject literal may 
only specify known properties, but 'category' does not exist in type 'MissionSelect<DefaultArgs>'. Did you mean to 
write 'categoryId'?

[7m507[0m             category: true,
[7m   [0m [91m            ~~~~~~~~[0m

